Archive member included because of file (symbol)

c:/altera/13.0sp1/nios2eds/bin/gnu/h-i686-mingw32/bin/../lib/gcc/nios2-elf/4.1.2\libgcc.a(_fixunsdfsi.o)
                              obj/default/dm9000a.o (__fixunsdfsi)
c:/altera/13.0sp1/nios2eds/bin/gnu/h-i686-mingw32/bin/../lib/gcc/nios2-elf/4.1.2\libgcc.a(_addsub_df.o)
                              c:/altera/13.0sp1/nios2eds/bin/gnu/h-i686-mingw32/bin/../lib/gcc/nios2-elf/4.1.2\libgcc.a(_fixunsdfsi.o) (__subdf3)
c:/altera/13.0sp1/nios2eds/bin/gnu/h-i686-mingw32/bin/../lib/gcc/nios2-elf/4.1.2\libgcc.a(_mul_df.o)
                              obj/default/dm9000a.o (__muldf3)
c:/altera/13.0sp1/nios2eds/bin/gnu/h-i686-mingw32/bin/../lib/gcc/nios2-elf/4.1.2\libgcc.a(_ge_df.o)
                              c:/altera/13.0sp1/nios2eds/bin/gnu/h-i686-mingw32/bin/../lib/gcc/nios2-elf/4.1.2\libgcc.a(_fixunsdfsi.o) (__gedf2)
c:/altera/13.0sp1/nios2eds/bin/gnu/h-i686-mingw32/bin/../lib/gcc/nios2-elf/4.1.2\libgcc.a(_df_to_si.o)
                              c:/altera/13.0sp1/nios2eds/bin/gnu/h-i686-mingw32/bin/../lib/gcc/nios2-elf/4.1.2\libgcc.a(_fixunsdfsi.o) (__fixdfsi)
c:/altera/13.0sp1/nios2eds/bin/gnu/h-i686-mingw32/bin/../lib/gcc/nios2-elf/4.1.2\libgcc.a(_thenan_df.o)
                              c:/altera/13.0sp1/nios2eds/bin/gnu/h-i686-mingw32/bin/../lib/gcc/nios2-elf/4.1.2\libgcc.a(_addsub_df.o) (__thenan_df)
c:/altera/13.0sp1/nios2eds/bin/gnu/h-i686-mingw32/bin/../lib/gcc/nios2-elf/4.1.2\libgcc.a(_usi_to_df.o)
                              obj/default/dm9000a.o (__floatunsidf)
c:/altera/13.0sp1/nios2eds/bin/gnu/h-i686-mingw32/bin/../lib/gcc/nios2-elf/4.1.2\libgcc.a(_muldi3.o)
                              c:/altera/13.0sp1/nios2eds/bin/gnu/h-i686-mingw32/bin/../lib/gcc/nios2-elf/4.1.2\libgcc.a(_mul_df.o) (__muldi3)
c:/altera/13.0sp1/nios2eds/bin/gnu/h-i686-mingw32/bin/../lib/gcc/nios2-elf/4.1.2\libgcc.a(_clzsi2.o)
                              c:/altera/13.0sp1/nios2eds/bin/gnu/h-i686-mingw32/bin/../lib/gcc/nios2-elf/4.1.2\libgcc.a(_usi_to_df.o) (__clzsi2)
c:/altera/13.0sp1/nios2eds/bin/gnu/h-i686-mingw32/bin/../lib/gcc/nios2-elf/4.1.2\libgcc.a(_pack_df.o)
                              c:/altera/13.0sp1/nios2eds/bin/gnu/h-i686-mingw32/bin/../lib/gcc/nios2-elf/4.1.2\libgcc.a(_addsub_df.o) (__pack_d)
c:/altera/13.0sp1/nios2eds/bin/gnu/h-i686-mingw32/bin/../lib/gcc/nios2-elf/4.1.2\libgcc.a(_unpack_df.o)
                              c:/altera/13.0sp1/nios2eds/bin/gnu/h-i686-mingw32/bin/../lib/gcc/nios2-elf/4.1.2\libgcc.a(_addsub_df.o) (__unpack_d)
c:/altera/13.0sp1/nios2eds/bin/gnu/h-i686-mingw32/bin/../lib/gcc/nios2-elf/4.1.2\libgcc.a(_fpcmp_parts_df.o)
                              c:/altera/13.0sp1/nios2eds/bin/gnu/h-i686-mingw32/bin/../lib/gcc/nios2-elf/4.1.2\libgcc.a(_ge_df.o) (__fpcmp_parts_d)
c:/altera/13.0sp1/nios2eds/bin/gnu/h-i686-mingw32/bin/../lib/gcc/nios2-elf/4.1.2\libgcc.a(_clz.o)
                              c:/altera/13.0sp1/nios2eds/bin/gnu/h-i686-mingw32/bin/../lib/gcc/nios2-elf/4.1.2\libgcc.a(_clzsi2.o) (__clz_tab)
c:/altera/13.0sp1/nios2eds/bin/gnu/h-i686-mingw32/bin/../lib/gcc/nios2-elf/4.1.2/../../../../nios2-elf/lib\libc.a(lib_a-ctype_.o)
                              obj/default/network_utilities.o (__ctype_ptr)
c:/altera/13.0sp1/nios2eds/bin/gnu/h-i686-mingw32/bin/../lib/gcc/nios2-elf/4.1.2/../../../../nios2-elf/lib\libc.a(lib_a-exit.o)
                              obj/default/main.o (exit)
c:/altera/13.0sp1/nios2eds/bin/gnu/h-i686-mingw32/bin/../lib/gcc/nios2-elf/4.1.2/../../../../nios2-elf/lib\libc.a(lib_a-fprintf.o)
                              obj/default/alt_error_handler.o (fprintf)
c:/altera/13.0sp1/nios2eds/bin/gnu/h-i686-mingw32/bin/../lib/gcc/nios2-elf/4.1.2/../../../../nios2-elf/lib\libc.a(lib_a-fwrite.o)
                              obj/default/alt_error_handler.o (fwrite)
c:/altera/13.0sp1/nios2eds/bin/gnu/h-i686-mingw32/bin/../lib/gcc/nios2-elf/4.1.2/../../../../nios2-elf/lib\libc.a(lib_a-getc.o)
                              obj/default/network_utilities.o (getc)
c:/altera/13.0sp1/nios2eds/bin/gnu/h-i686-mingw32/bin/../lib/gcc/nios2-elf/4.1.2/../../../../nios2-elf/lib\libc.a(lib_a-impure.o)
                              obj/default/alt_error_handler.o (_impure_ptr)
c:/altera/13.0sp1/nios2eds/bin/gnu/h-i686-mingw32/bin/../lib/gcc/nios2-elf/4.1.2/../../../../nios2-elf/lib\libc.a(lib_a-malloc.o)
                              obj/default/main.o (free)
c:/altera/13.0sp1/nios2eds/bin/gnu/h-i686-mingw32/bin/../lib/gcc/nios2-elf/4.1.2/../../../../nios2-elf/lib\libc.a(lib_a-mallocr.o)
                              c:/altera/13.0sp1/nios2eds/bin/gnu/h-i686-mingw32/bin/../lib/gcc/nios2-elf/4.1.2/../../../../nios2-elf/lib\libc.a(lib_a-malloc.o) (_malloc_r)
c:/altera/13.0sp1/nios2eds/bin/gnu/h-i686-mingw32/bin/../lib/gcc/nios2-elf/4.1.2/../../../../nios2-elf/lib\libc.a(lib_a-memcpy.o)
                              obj/default/simple_socket_server.o (memcpy)
[...]
Memory Configuration

Name             Origin             Length             Attributes
sdram_0_BEFORE_EXCEPTION 0x00800000         0x00000020
sdram_0          0x00800020         0x007fffe0
reset            0x01400000         0x00000020
cfi_flash_0      0x01400020         0x003fffe0
sram_0           0x01a00000         0x00080000
epcs_controller  0x01a81800         0x00000800
*default*        0x00000000         0xffffffff

Linker script and memory map

LOAD ../SemaforoNet_bsp//obj/HAL/src/crt0.o
LOAD obj/default/alt_error_handler.o
LOAD obj/default/dm9000a.o
LOAD obj/default/led.o
LOAD obj/default/main.o
LOAD obj/default/network_utilities.o
LOAD obj/default/simple_socket_server.o
LOAD obj/default/tse_my_system.o
LOAD c:/altera/13.0sp1/nios2eds/bin/gnu/h-i686-mingw32/bin/../lib/gcc/nios2-elf/4.1.2/../../../../nios2-elf/lib\libstdc++.a
LOAD c:/altera/13.0sp1/nios2eds/bin/gnu/h-i686-mingw32/bin/../lib/gcc/nios2-elf/4.1.2/../../../../nios2-elf/lib\libm.a
LOAD c:/altera/13.0sp1/nios2eds/bin/gnu/h-i686-mingw32/bin/../lib/gcc/nios2-elf/4.1.2\libgcc.a
START GROUP
LOAD c:/altera/13.0sp1/nios2eds/bin/gnu/h-i686-mingw32/bin/../lib/gcc/nios2-elf/4.1.2/../../../../nios2-elf/lib\libc.a
LOAD c:/altera/13.0sp1/nios2eds/bin/gnu/h-i686-mingw32/bin/../lib/gcc/nios2-elf/4.1.2\libgcc.a
LOAD ../SemaforoNet_bsp/\libucosii_bsp.a
END GROUP
LOAD c:/altera/13.0sp1/nios2eds/bin/gnu/h-i686-mingw32/bin/../lib/gcc/nios2-elf/4.1.2\libgcc.a
                0x00800000                __alt_mem_sdram_0 = 0x800000
                0x01400000                __alt_mem_cfi_flash_0 = 0x1400000
                0x01a00000                __alt_mem_sram_0 = 0x1a00000
                0x01a81800                __alt_mem_epcs_controller = 0x1a81800

.entry          0x01400000        0x0
 *(.entry)
 .entry         0x01400000        0x0 ../SemaforoNet_bsp//obj/HAL/src/crt0.o
                0x01400000                __reset

.exceptions     0x00800020      0x19c
                0x00800020                PROVIDE (__ram_exceptions_start, ABSOLUTE (.))
                0x00800020                . = ALIGN (0x20)
 *(.irq)
 *(.exceptions.entry.label)
 .exceptions.entry.label
                0x00800020        0x0 ../SemaforoNet_bsp/\libucosii_bsp.a(alt_irq_entry.o)
                0x00800020                alt_irq_entry
 .exceptions.entry.label
                0x00800020        0x0 ../SemaforoNet_bsp/\libucosii_bsp.a(alt_exception_entry.o)
                0x00800020                alt_exception
 *(.exceptions.entry.user)
 *(.exceptions.entry)
 .exceptions.entry
                0x00800020       0x54 ../SemaforoNet_bsp/\libucosii_bsp.a(alt_exception_entry.o)
 *(.exceptions.irqtest.user)
 *(.exceptions.irqtest)
 .exceptions.irqtest
                0x00800074       0x10 ../SemaforoNet_bsp/\libucosii_bsp.a(alt_irq_entry.o)
 *(.exceptions.irqhandler.user)
 *(.exceptions.irqhandler)
 .exceptions.irqhandler
                0x00800084        0x4 ../SemaforoNet_bsp/\libucosii_bsp.a(alt_irq_entry.o)
 *(.exceptions.irqreturn.user)
 *(.exceptions.irqreturn)
 .exceptions.irqreturn
                0x00800088        0x4 ../SemaforoNet_bsp/\libucosii_bsp.a(alt_irq_entry.o)
 *(.exceptions.notirq.label)
 .exceptions.notirq.label
                0x0080008c        0x0 ../SemaforoNet_bsp/\libucosii_bsp.a(alt_irq_entry.o)
 *(.exceptions.notirq.user)
 *(.exceptions.notirq)
 .exceptions.notirq
                0x0080008c        0x8 ../SemaforoNet_bsp/\libucosii_bsp.a(alt_exception_entry.o)
 *(.exceptions.soft.user)
 *(.exceptions.soft)
 *(.exceptions.unknown.user)
 *(.exceptions.unknown)
 .exceptions.unknown
                0x00800094        0x4 ../SemaforoNet_bsp/\libucosii_bsp.a(alt_exception_entry.o)
 *(.exceptions.exit.label)
 .exceptions.exit.label
                0x00800098        0x0 ../SemaforoNet_bsp/\libucosii_bsp.a(alt_irq_entry.o)
 .exceptions.exit.label
                0x00800098        0x0 ../SemaforoNet_bsp/\libucosii_bsp.a(alt_exception_entry.o)
 *(.exceptions.exit.user)
 *(.exceptions.exit)
 .exceptions.exit
                0x00800098       0x54 ../SemaforoNet_bsp/\libucosii_bsp.a(alt_exception_entry.o)
 *(.exceptions)
 .exceptions    0x008000ec       0xd0 ../SemaforoNet_bsp/\libucosii_bsp.a(alt_irq_handler.o)
                0x008000ec                alt_irq_handler
                0x008001bc                PROVIDE (__ram_exceptions_end, ABSOLUTE (.))
                0x00800020                PROVIDE (__flash_exceptions_start, LOADADDR (.exceptions))

.text           0x008001bc    0x467e4
                0x008001bc                PROVIDE (stext, ABSOLUTE (.))
 *(.interp)
 *(.hash)
 *(.dynsym)
 *(.dynstr)
 *(.gnu.version)
 *(.gnu.version_d)
 *(.gnu.version_r)
 *(.rel.init)
 *(.rela.init)
 *(.rel.text .rel.text.* .rel.gnu.linkonce.t.*)
 *(.rela.text .rela.text.* .rela.gnu.linkonce.t.*)
 *(.rel.fini)
 *(.rela.fini)
 *(.rel.rodata .rel.rodata.* .rel.gnu.linkonce.r.*)
 *(.rela.rodata .rela.rodata.* .rela.gnu.linkonce.r.*)
 *(.rel.data .rel.data.* .rel.gnu.linkonce.d.*)
 *(.rela.data .rela.data.* .rela.gnu.linkonce.d.*)
 *(.rel.tdata .rel.tdata.* .rel.gnu.linkonce.td.*)
 *(.rela.tdata .rela.tdata.* .rela.gnu.linkonce.td.*)
 *(.rel.tbss .rel.tbss.* .rel.gnu.linkonce.tb.*)
 *(.rela.tbss .rela.tbss.* .rela.gnu.linkonce.tb.*)
 *(.rel.ctors)
 *(.rela.ctors)
 *(.rel.dtors)
 *(.rela.dtors)
 *(.rel.got)
 *(.rela.got)
 *(.rel.sdata .rel.sdata.* .rel.gnu.linkonce.s.*)
 *(.rela.sdata .rela.sdata.* .rela.gnu.linkonce.s.*)
 *(.rel.sbss .rel.sbss.* .rel.gnu.linkonce.sb.*)
 *(.rela.sbss .rela.sbss.* .rela.gnu.linkonce.sb.*)
 *(.rel.sdata2 .rel.sdata2.* .rel.gnu.linkonce.s2.*)
 *(.rela.sdata2 .rela.sdata2.* .rela.gnu.linkonce.s2.*)
 *(.rel.sbss2 .rel.sbss2.* .rel.gnu.linkonce.sb2.*)
 *(.rela.sbss2 .rela.sbss2.* .rela.gnu.linkonce.sb2.*)
 *(.rel.bss .rel.bss.* .rel.gnu.linkonce.b.*)
 *(.rela.bss .rela.bss.* .rela.gnu.linkonce.b.*)
 *(.rel.plt)
 *(.rela.plt)
 *(.rel.dyn)
 *(.init)
 *(.plt)
 *(.text .stub .text.* .gnu.linkonce.t.*)
 .text          0x008001bc       0x48 ../SemaforoNet_bsp//obj/HAL/src/crt0.o
                0x008001bc                _start
 .text          0x00800204      0xba8 obj/default/alt_error_handler.o
                0x00800204                alt_uCOSIIErrorHandler
                0x00800828                alt_NetworkErrorHandler
                0x00800ac0                alt_SSSErrorHandler
 .text          0x00800dac      0xe48 obj/default/dm9000a.o
                0x00800dac                dm9000a_iow
                0x00800e00                dm9000a_ior
                0x00800e4c                phy_write
                0x00800ee8                dm9000a_reset
                0x008010ac                TransmitPacket
                0x008011c8                prep_dm9000a
                0x008013e4                dm9000a_init
                0x00801834                dm9Ka_isr_wrap
                0x00801874                dm9ka_init
                0x0080196c                dm9ka_close
                0x00801a7c                dm9ka_stats
                0x00801ad8                dm9ka_pkt_send
 .text          0x00801bf4      0x324 obj/default/led.o
                0x00801bf4                led_bit_toggle
                0x00801cc0                LED7SegLightshowTask
                0x00801d34                LEDManagementTask
 .text          0x00801f18      0x458 obj/default/main.o
                0x00801f18                GetRegisterId
                0x00801fa4                GetRegisterValue
                0x00802048                SSSInitialTask
                0x00802274                main
 .text          0x00802370      0x850 obj/default/network_utilities.o
                0x00802370                get_mac_addr
                0x008023c8                get_ip_addr
                0x00802424                get_serial_number
                0x00802600                generate_and_store_mac_addr
                0x008027ac                generate_mac_addr
                0x008028e8                get_board_mac_addr
                0x00802a7c                FindLastFlashSectorOffset
 .text          0x00802bc0      0x968 obj/default/simple_socket_server.o
                0x00802bc0                SSSCreateOSDataStructs
                0x00802c68                SSSCreateTasks
                0x00802d2c                sss_reset_connection
                0x00802d9c                sss_send_menu
                0x00802f2c                sss_handle_accept
                0x00802fec                sss_exec_command
                0x00803190                sss_handle_receive
                0x0080337c                SSSSimpleSocketServerTask
 .text          0x00803528        0x0 obj/default/tse_my_system.o
 .text          0x00803528       0xa4 c:/altera/13.0sp1/nios2eds/bin/gnu/h-i686-mingw32/bin/../lib/gcc/nios2-elf/4.1.2\libgcc.a(_fixunsdfsi.o)
                0x00803528                __fixunsdfsi
 .text          0x008035cc      0x504 c:/altera/13.0sp1/nios2eds/bin/gnu/h-i686-mingw32/bin/../lib/gcc/nios2-elf/4.1.2\libgcc.a(_addsub_df.o)
                0x008039dc                __subdf3
                0x00803a5c                __adddf3
 .text          0x00803ad0      0x3c4 c:/altera/13.0sp1/nios2eds/bin/gnu/h-i686-mingw32/bin/../lib/gcc/nios2-elf/4.1.2\libgcc.a(_mul_df.o)
                0x00803ad0                __muldf3
 .text          0x00803e94       0x88 c:/altera/13.0sp1/nios2eds/bin/gnu/h-i686-mingw32/bin/../lib/gcc/nios2-elf/4.1.2\libgcc.a(_ge_df.o)
                0x00803e94                __gedf2
 .text          0x00803f1c       0xd8 c:/altera/13.0sp1/nios2eds/bin/gnu/h-i686-mingw32/bin/../lib/gcc/nios2-elf/4.1.2\libgcc.a(_df_to_si.o)
                0x00803f1c                __fixdfsi
 .text          0x00803ff4        0x0 c:/altera/13.0sp1/nios2eds/bin/gnu/h-i686-mingw32/bin/../lib/gcc/nios2-elf/4.1.2\libgcc.a(_thenan_df.o)
 .text          0x00803ff4      0x194 c:/altera/13.0sp1/nios2eds/bin/gnu/h-i686-mingw32/bin/../lib/gcc/nios2-elf/4.1.2\libgcc.a(_usi_to_df.o)
                0x00803ff4                __floatunsidf
 .text          0x00804188       0x98 c:/altera/13.0sp1/nios2eds/bin/gnu/h-i686-mingw32/bin/../lib/gcc/nios2-elf/4.1.2\libgcc.a(_muldi3.o)
                0x00804188                __muldi3
 .text          0x00804220       0x80 c:/altera/13.0sp1/nios2eds/bin/gnu/h-i686-mingw32/bin/../lib/gcc/nios2-elf/4.1.2\libgcc.a(_clzsi2.o)
                0x00804220                __clzsi2
 .text          0x008042a0      0x314 c:/altera/13.0sp1/nios2eds/bin/gnu/h-i686-mingw32/bin/../lib/gcc/nios2-elf/4.1.2\libgcc.a(_pack_df.o)
                0x008042a0                __pack_d
 .text          0x008045b4      0x138 c:/altera/13.0sp1/nios2eds/bin/gnu/h-i686-mingw32/bin/../lib/gcc/nios2-elf/4.1.2\libgcc.a(_unpack_df.o)
                0x008045b4                __unpack_d
 .text          0x008046ec       0xc8 c:/altera/13.0sp1/nios2eds/bin/gnu/h-i686-mingw32/bin/../lib/gcc/nios2-elf/4.1.2\libgcc.a(_fpcmp_parts_df.o)
                0x008046ec                __fpcmp_parts_d
 .text          0x008047b4        0x0 c:/altera/13.0sp1/nios2eds/bin/gnu/h-i686-mingw32/bin/../lib/gcc/nios2-elf/4.1.2\libgcc.a(_clz.o)
 .text          0x008047b4        0x0 c:/altera/13.0sp1/nios2eds/bin/gnu/h-i686-mingw32/bin/../lib/gcc/nios2-elf/4.1.2/../../../../nios2-elf/lib\libc.a(lib_a-ctype_.o)
 .text          0x008047b4       0x38 c:/altera/13.0sp1/nios2eds/bin/gnu/h-i686-mingw32/bin/../lib/gcc/nios2-elf/4.1.2/../../../../nios2-elf/lib\libc.a(lib_a-exit.o)
                0x008047b4                exit
 .text          0x008047ec       0x60 c:/altera/13.0sp1/nios2eds/bin/gnu/h-i686-mingw32/bin/../lib/gcc/nios2-elf/4.1.2/../../../../nios2-elf/lib\libc.a(lib_a-fprintf.o)
                0x008047ec                fprintf
                0x00804818                _fprintf_r
 .text          0x0080484c       0xdc c:/altera/13.0sp1/nios2eds/bin/gnu/h-i686-mingw32/bin/../lib/gcc/nios2-elf/4.1.2/../../../../nios2-elf/lib\libc.a(lib_a-fwrite.o)
                0x0080484c                _fwrite_r
                0x008048e8                fwrite
 .text          0x00804928      0x128 c:/altera/13.0sp1/nios2eds/bin/gnu/h-i686-mingw32/bin/../lib/gcc/nios2-elf/4.1.2/../../../../nios2-elf/lib\libc.a(lib_a-getc.o)
                0x00804928                getc
                0x008049c0                _getc_r
 .text          0x00804a50        0x0 c:/altera/13.0sp1/nios2eds/bin/gnu/h-i686-mingw32/bin/../lib/gcc/nios2-elf/4.1.2/../../../../nios2-elf/lib\libc.a(lib_a-impure.o)
 .text          0x00804a50       0x28 c:/altera/13.0sp1/nios2eds/bin/gnu/h-i686-mingw32/bin/../lib/gcc/nios2-elf/4.1.2/../../../../nios2-elf/lib\libc.a(lib_a-malloc.o)
                0x00804a50                free
                0x00804a64                malloc
 .text          0x00804a78      0x740 c:/altera/13.0sp1/nios2eds/bin/gnu/h-i686-mingw32/bin/../lib/gcc/nios2-elf/4.1.2/../../../../nios2-elf/lib\libc.a(lib_a-mallocr.o)
                0x00804a78                _malloc_r
 .text          0x008051b8       0xa0 c:/altera/13.0sp1/nios2eds/bin/gnu/h-i686-mingw32/bin/../lib/gcc/nios2-elf/4.1.2/../../../../nios2-elf/lib\libc.a(lib_a-memcpy.o)
                0x008051b8                memcpy
 .text          0x00805258       0xe0 c:/altera/13.0sp1/nios2eds/bin/gnu/h-i686-mingw32/bin/../lib/gcc/nios2-elf/4.1.2/../../../../nios2-elf/lib\libc.a(lib_a-memmove.o)
                0x00805258                memmove
 .text          0x00805338       0x98 c:/altera/13.0sp1/nios2eds/bin/gnu/h-i686-mingw32/bin/../lib/gcc/nios2-elf/4.1.2/../../../../nios2-elf/lib\libc.a(lib_a-memset.o)
                0x00805338                memset
 .text          0x008053d0       0x80 c:/altera/13.0sp1/nios2eds/bin/gnu/h-i686-mingw32/bin/../lib/gcc/nios2-elf/4.1.2/../../../../nios2-elf/lib\libc.a(lib_a-perror.o)
                0x008053d0                _perror_r
                0x0080543c                perror
 .text          0x00805450       0x78 c:/altera/13.0sp1/nios2eds/bin/gnu/h-i686-mingw32/bin/../lib/gcc/nios2-elf/4.1.2/../../../../nios2-elf/lib\libc.a(lib_a-printf.o)
                0x00805450                printf
                0x00805494                _printf_r
 .text          0x008054c8      0x1ec c:/altera/13.0sp1/nios2eds/bin/gnu/h-i686-mingw32/bin/../lib/gcc/nios2-elf/4.1.2/../../../../nios2-elf/lib\libc.a(lib_a-putc.o)
                0x008054c8                putc
                0x008055cc                _putc_r
 .text          0x008056b4       0x24 c:/altera/13.0sp1/nios2eds/bin/gnu/h-i686-mingw32/bin/../lib/gcc/nios2-elf/4.1.2/../../../../nios2-elf/lib\libc.a(lib_a-putchar.o)
                0x008056b4                putchar
                0x008056d0                _putchar_r
 .text          0x008056d8       0xb4 c:/altera/13.0sp1/nios2eds/bin/gnu/h-i686-mingw32/bin/../lib/gcc/nios2-elf/4.1.2/../../../../nios2-elf/lib\libc.a(lib_a-puts.o)
                0x008056d8                _puts_r
                0x00805778                puts
 .text          0x0080578c       0x60 c:/altera/13.0sp1/nios2eds/bin/gnu/h-i686-mingw32/bin/../lib/gcc/nios2-elf/4.1.2/../../../../nios2-elf/lib\libc.a(lib_a-rget.o)
                0x0080578c                __srget_r
                0x008057d8                __srget
 .text          0x008057ec       0x70 c:/altera/13.0sp1/nios2eds/bin/gnu/h-i686-mingw32/bin/../lib/gcc/nios2-elf/4.1.2/../../../../nios2-elf/lib\libc.a(lib_a-sbrkr.o)
                0x008057ec                _sbrk_r
 .text          0x0080585c       0xd4 c:/altera/13.0sp1/nios2eds/bin/gnu/h-i686-mingw32/bin/../lib/gcc/nios2-elf/4.1.2/../../../../nios2-elf/lib\libc.a(lib_a-sprintf.o)
                0x0080585c                sprintf
                0x008058d0                _sprintf_r
 .text          0x00805930       0xe0 c:/altera/13.0sp1/nios2eds/bin/gnu/h-i686-mingw32/bin/../lib/gcc/nios2-elf/4.1.2/../../../../nios2-elf/lib\libc.a(lib_a-strchr.o)
                0x00805930                strchr
 .text          0x00805a10       0xbc c:/altera/13.0sp1/nios2eds/bin/gnu/h-i686-mingw32/bin/../lib/gcc/nios2-elf/4.1.2/../../../../nios2-elf/lib\libc.a(lib_a-strcmp.o)
                0x00805a10                strcmp
 .text          0x00805acc      0x674 c:/altera/13.0sp1/nios2eds/bin/gnu/h-i686-mingw32/bin/../lib/gcc/nios2-elf/4.1.2/../../../../nios2-elf/lib\libc.a(lib_a-strerror.o)
                0x00805acc                strerror
 .text          0x00806140       0x74 c:/altera/13.0sp1/nios2eds/bin/gnu/h-i686-mingw32/bin/../lib/gcc/nios2-elf/4.1.2/../../../../nios2-elf/lib\libc.a(lib_a-strlen.o)
                0x00806140                strlen
 .text          0x008061b4       0xbc c:/altera/13.0sp1/nios2eds/bin/gnu/h-i686-mingw32/bin/../lib/gcc/nios2-elf/4.1.2/../../../../nios2-elf/lib\libc.a(lib_a-strncpy.o)
                0x008061b4                strncpy
 .text          0x00806270      0x268 c:/altera/13.0sp1/nios2eds/bin/gnu/h-i686-mingw32/bin/../lib/gcc/nios2-elf/4.1.2/../../../../nios2-elf/lib\libc.a(lib_a-strtol.o)
                0x00806270                _strtol_r
                0x008064b4                strtol
 .text          0x008064d8        0x8 c:/altera/13.0sp1/nios2eds/bin/gnu/h-i686-mingw32/bin/../lib/gcc/nios2-elf/4.1.2/../../../../nios2-elf/lib\libc.a(lib_a-u_strerr.o)
                0x008064d8                _user_strerror
 .text          0x008064e0     0x1f28 c:/altera/13.0sp1/nios2eds/bin/gnu/h-i686-mingw32/bin/../lib/gcc/nios2-elf/4.1.2/../../../../nios2-elf/lib\libc.a(lib_a-vfprintf.o)
                0x00806538                ___vfprintf_internal_r
                0x008083e4                __vfprintf_internal
 .text          0x00808408      0x14c c:/altera/13.0sp1/nios2eds/bin/gnu/h-i686-mingw32/bin/../lib/gcc/nios2-elf/4.1.2/../../../../nios2-elf/lib\libc.a(lib_a-wbuf.o)
                0x00808408                __swbuf_r
                0x00808538                __swbuf
 .text          0x00808554      0x13c c:/altera/13.0sp1/nios2eds/bin/gnu/h-i686-mingw32/bin/../lib/gcc/nios2-elf/4.1.2/../../../../nios2-elf/lib\libc.a(lib_a-wsetup.o)
                0x00808554                __swsetup_r
 .text          0x00808690      0x1b4 c:/altera/13.0sp1/nios2eds/bin/gnu/h-i686-mingw32/bin/../lib/gcc/nios2-elf/4.1.2/../../../../nios2-elf/lib\libc.a(lib_a-__call_atexit.o)
                0x00808694                __call_exitprocs
 .text          0x00808844     0x17cc c:/altera/13.0sp1/nios2eds/bin/gnu/h-i686-mingw32/bin/../lib/gcc/nios2-elf/4.1.2/../../../../nios2-elf/lib\libc.a(lib_a-dtoa.o)
                0x00808a5c                _dtoa_r
 .text          0x0080a010      0x230 c:/altera/13.0sp1/nios2eds/bin/gnu/h-i686-mingw32/bin/../lib/gcc/nios2-elf/4.1.2/../../../../nios2-elf/lib\libc.a(lib_a-fflush.o)
                0x0080a010                _fflush_r
                0x0080a20c                fflush
 .text          0x0080a240      0x2c0 c:/altera/13.0sp1/nios2eds/bin/gnu/h-i686-mingw32/bin/../lib/gcc/nios2-elf/4.1.2/../../../../nios2-elf/lib\libc.a(lib_a-findfp.o)
                0x0080a298                __sfp_lock_acquire
                0x0080a29c                __sfp_lock_release
                0x0080a2a0                __sinit_lock_acquire
                0x0080a2a4                __sinit_lock_release
                0x0080a2a8                __sinit
                0x0080a35c                __fp_unlock_all
                0x0080a374                __fp_lock_all
                0x0080a38c                _cleanup_r
                0x0080a398                _cleanup
                0x0080a3a8                __sfmoreglue
                0x0080a410                __sfp
 .text          0x0080a500       0xbc c:/altera/13.0sp1/nios2eds/bin/gnu/h-i686-mingw32/bin/../lib/gcc/nios2-elf/4.1.2/../../../../nios2-elf/lib\libc.a(lib_a-fputc.o)
                0x0080a500                fputc
                0x0080a564                _fputc_r
 .text          0x0080a5bc       0x90 c:/altera/13.0sp1/nios2eds/bin/gnu/h-i686-mingw32/bin/../lib/gcc/nios2-elf/4.1.2/../../../../nios2-elf/lib\libc.a(lib_a-fputs.o)
                0x0080a5bc                _fputs_r
                0x0080a630                fputs
 .text          0x0080a64c      0x440 c:/altera/13.0sp1/nios2eds/bin/gnu/h-i686-mingw32/bin/../lib/gcc/nios2-elf/4.1.2/../../../../nios2-elf/lib\libc.a(lib_a-freer.o)
                0x0080a64c                _malloc_trim_r
                0x0080a778                _free_r
 .text          0x0080aa8c      0x49c c:/altera/13.0sp1/nios2eds/bin/gnu/h-i686-mingw32/bin/../lib/gcc/nios2-elf/4.1.2/../../../../nios2-elf/lib\libc.a(lib_a-fvwrite.o)
                0x0080aa8c                __sfvwrite_r
 .text          0x0080af28      0x180 c:/altera/13.0sp1/nios2eds/bin/gnu/h-i686-mingw32/bin/../lib/gcc/nios2-elf/4.1.2/../../../../nios2-elf/lib\libc.a(lib_a-fwalk.o)
                0x0080af28                _fwalk_reent
                0x0080aff0                _fwalk
 .text          0x0080b0a8        0x0 c:/altera/13.0sp1/nios2eds/bin/gnu/h-i686-mingw32/bin/../lib/gcc/nios2-elf/4.1.2/../../../../nios2-elf/lib\libc.a(lib_a-int_errno.o)
 .text          0x0080b0a8       0xc4 c:/altera/13.0sp1/nios2eds/bin/gnu/h-i686-mingw32/bin/../lib/gcc/nios2-elf/4.1.2/../../../../nios2-elf/lib\libc.a(lib_a-locale.o)
                0x0080b0a8                __locale_charset
                0x0080b0b0                _localeconv_r
                0x0080b0bc                localeconv
                0x0080b0cc                _setlocale_r
                0x0080b150                setlocale
 .text          0x0080b16c      0x194 c:/altera/13.0sp1/nios2eds/bin/gnu/h-i686-mingw32/bin/../lib/gcc/nios2-elf/4.1.2/../../../../nios2-elf/lib\libc.a(lib_a-makebuf.o)
                0x0080b16c                __smakebuf_r
 .text          0x0080b300       0xe4 c:/altera/13.0sp1/nios2eds/bin/gnu/h-i686-mingw32/bin/../lib/gcc/nios2-elf/4.1.2/../../../../nios2-elf/lib\libc.a(lib_a-memchr.o)
                0x0080b300                memchr
 .text          0x0080b3e4      0xff4 c:/altera/13.0sp1/nios2eds/bin/gnu/h-i686-mingw32/bin/../lib/gcc/nios2-elf/4.1.2/../../../../nios2-elf/lib\libc.a(lib_a-mprec.o)
                0x0080b3e4                _Bfree
                0x0080b40c                __hi0bits
                0x0080b47c                __lo0bits
                0x0080b540                __mcmp
                0x0080b5a0                __ulp
                0x0080b620                __b2d
                0x0080b740                __ratio
                0x0080b7f0                _mprec_log10
                0x0080b884                __copybits
                0x0080b8dc                __any_on
                0x0080b964                _Balloc
                0x0080ba20                __d2b
                0x0080bb9c                __mdiff
                0x0080bd28                __lshift
                0x0080be74                __multiply
                0x0080c05c                __i2b
                0x0080c098                __multadd
                0x0080c198                __pow5mult
                0x0080c2b8                __s2b
 .text          0x0080c3d8      0x5f4 c:/altera/13.0sp1/nios2eds/bin/gnu/h-i686-mingw32/bin/../lib/gcc/nios2-elf/4.1.2/../../../../nios2-elf/lib\libc.a(lib_a-reallocr.o)
                0x0080c3d8                _realloc_r
 .text          0x0080c9cc      0x1e0 c:/altera/13.0sp1/nios2eds/bin/gnu/h-i686-mingw32/bin/../lib/gcc/nios2-elf/4.1.2/../../../../nios2-elf/lib\libc.a(lib_a-refill.o)
                0x0080c9cc                __srefill_r
 .text          0x0080cbac       0x40 c:/altera/13.0sp1/nios2eds/bin/gnu/h-i686-mingw32/bin/../lib/gcc/nios2-elf/4.1.2/../../../../nios2-elf/lib\libc.a(lib_a-s_isinfd.o)
                0x0080cbac                __isinfd
 .text          0x0080cbec       0x30 c:/altera/13.0sp1/nios2eds/bin/gnu/h-i686-mingw32/bin/../lib/gcc/nios2-elf/4.1.2/../../../../nios2-elf/lib\libc.a(lib_a-s_isnand.o)
                0x0080cbec                __isnand
 .text          0x0080cc1c      0x14c c:/altera/13.0sp1/nios2eds/bin/gnu/h-i686-mingw32/bin/../lib/gcc/nios2-elf/4.1.2/../../../../nios2-elf/lib\libc.a(lib_a-stdio.o)
                0x0080cc1c                __sclose
                0x0080cc24                __sseek
                0x0080cc8c                __swrite
                0x0080cd08                __sread
 .text          0x0080cd68       0x78 c:/altera/13.0sp1/nios2eds/bin/gnu/h-i686-mingw32/bin/../lib/gcc/nios2-elf/4.1.2/../../../../nios2-elf/lib\libc.a(lib_a-writer.o)
                0x0080cd68                _write_r
 .text          0x0080cde0       0xb4 c:/altera/13.0sp1/nios2eds/bin/gnu/h-i686-mingw32/bin/../lib/gcc/nios2-elf/4.1.2/../../../../nios2-elf/lib\libc.a(lib_a-callocr.o)
                0x0080cde0                _calloc_r
 .text          0x0080ce94       0x70 c:/altera/13.0sp1/nios2eds/bin/gnu/h-i686-mingw32/bin/../lib/gcc/nios2-elf/4.1.2/../../../../nios2-elf/lib\libc.a(lib_a-closer.o)
                0x0080ce94                _close_r
 .text          0x0080cf04      0x124 c:/altera/13.0sp1/nios2eds/bin/gnu/h-i686-mingw32/bin/../lib/gcc/nios2-elf/4.1.2/../../../../nios2-elf/lib\libc.a(lib_a-fclose.o)
                0x0080cf04                _fclose_r
                0x0080d014                fclose
 .text          0x0080d028       0x74 c:/altera/13.0sp1/nios2eds/bin/gnu/h-i686-mingw32/bin/../lib/gcc/nios2-elf/4.1.2/../../../../nios2-elf/lib\libc.a(lib_a-fstatr.o)
                0x0080d028                _fstat_r
 .text          0x0080d09c       0x70 c:/altera/13.0sp1/nios2eds/bin/gnu/h-i686-mingw32/bin/../lib/gcc/nios2-elf/4.1.2/../../../../nios2-elf/lib\libc.a(lib_a-isattyr.o)
                0x0080d09c                _isatty_r
 .text          0x0080d10c       0x78 c:/altera/13.0sp1/nios2eds/bin/gnu/h-i686-mingw32/bin/../lib/gcc/nios2-elf/4.1.2/../../../../nios2-elf/lib\libc.a(lib_a-lseekr.o)
                0x0080d10c                _lseek_r
 .text          0x0080d184       0x78 c:/altera/13.0sp1/nios2eds/bin/gnu/h-i686-mingw32/bin/../lib/gcc/nios2-elf/4.1.2/../../../../nios2-elf/lib\libc.a(lib_a-readr.o)
                0x0080d184                _read_r
 .text          0x0080d1fc      0x5dc c:/altera/13.0sp1/nios2eds/bin/gnu/h-i686-mingw32/bin/../lib/gcc/nios2-elf/4.1.2\libgcc.a(_udivdi3.o)
                0x0080d1fc                __udivdi3
 .text          0x0080d7d8      0x5b0 c:/altera/13.0sp1/nios2eds/bin/gnu/h-i686-mingw32/bin/../lib/gcc/nios2-elf/4.1.2\libgcc.a(_umoddi3.o)
                0x0080d7d8                __umoddi3
 .text          0x0080dd88      0x258 c:/altera/13.0sp1/nios2eds/bin/gnu/h-i686-mingw32/bin/../lib/gcc/nios2-elf/4.1.2\libgcc.a(_div_df.o)
                0x0080dd88                __divdf3
 .text          0x0080dfe0       0x88 c:/altera/13.0sp1/nios2eds/bin/gnu/h-i686-mingw32/bin/../lib/gcc/nios2-elf/4.1.2\libgcc.a(_eq_df.o)
                0x0080dfe0                __eqdf2
 .text          0x0080e068       0x88 c:/altera/13.0sp1/nios2eds/bin/gnu/h-i686-mingw32/bin/../lib/gcc/nios2-elf/4.1.2\libgcc.a(_ne_df.o)
                0x0080e068                __nedf2
 .text          0x0080e0f0       0x88 c:/altera/13.0sp1/nios2eds/bin/gnu/h-i686-mingw32/bin/../lib/gcc/nios2-elf/4.1.2\libgcc.a(_gt_df.o)
                0x0080e0f0                __gtdf2
 .text          0x0080e178       0x88 c:/altera/13.0sp1/nios2eds/bin/gnu/h-i686-mingw32/bin/../lib/gcc/nios2-elf/4.1.2\libgcc.a(_lt_df.o)
                0x0080e178                __ltdf2
 .text          0x0080e200       0xf8 c:/altera/13.0sp1/nios2eds/bin/gnu/h-i686-mingw32/bin/../lib/gcc/nios2-elf/4.1.2\libgcc.a(_si_to_df.o)
                0x0080e200                __floatsidf
 .text          0x0080e2f8      0x14c c:/altera/13.0sp1/nios2eds/bin/gnu/h-i686-mingw32/bin/../lib/gcc/nios2-elf/4.1.2\libgcc.a(lib2-divmod.o)
                0x0080e374                __divsi3
                0x0080e3d4                __modsi3
                0x0080e434                __udivsi3
                0x0080e43c                __umodsi3
 .text          0x0080e444       0x6c ../SemaforoNet_bsp/\libucosii_bsp.a(alt_exit.o)
                0x0080e484                _exit
 .text          0x0080e4b0       0xd0 ../SemaforoNet_bsp/\libucosii_bsp.a(alt_flash_dev.o)
                0x0080e4b0                alt_flash_open_dev
                0x0080e52c                alt_flash_close_dev
 .text          0x0080e580      0x134 ../SemaforoNet_bsp/\libucosii_bsp.a(alt_fstat.o)
                0x0080e580                fstat
 .text          0x0080e6b4      0x1c0 ../SemaforoNet_bsp/\libucosii_bsp.a(alt_irq_register.o)
                0x0080e6b4                alt_irq_register
 .text          0x0080e874        0x0 ../SemaforoNet_bsp/\libucosii_bsp.a(alt_irq_vars.o)
 .text          0x0080e874      0x120 ../SemaforoNet_bsp/\libucosii_bsp.a(alt_isatty.o)
                0x0080e874                isatty
 .text          0x0080e994      0x150 ../SemaforoNet_bsp/\libucosii_bsp.a(alt_lseek.o)
                0x0080e994                lseek
 .text          0x0080eae4       0xc8 ../SemaforoNet_bsp/\libucosii_bsp.a(alt_main.o)
                0x0080eae4                alt_main
 .text          0x0080ebac       0xbc ../SemaforoNet_bsp/\libucosii_bsp.a(alt_sbrk.o)
                0x0080ebac                sbrk
 .text          0x0080ec68      0x118 ../SemaforoNet_bsp/\libucosii_bsp.a(alt_usleep.o)
                0x0080ec68                usleep
 .text          0x0080ed80      0x108 ../SemaforoNet_bsp/\libucosii_bsp.a(alt_env_lock.o)
                0x0080ed80                __env_lock
                0x0080ee2c                __env_unlock
 .text          0x0080ee88      0x1d8 ../SemaforoNet_bsp/\libucosii_bsp.a(alt_malloc_lock.o)
                0x0080ee88                __malloc_lock
                0x0080ef90                __malloc_unlock
 .text          0x0080f060     0x2128 ../SemaforoNet_bsp/\libucosii_bsp.a(os_core.o)
                0x0080f060                OSEventNameGet
                0x0080f190                OSEventNameSet
                0x0080f2d4                OSEventPendMulti
                0x0080f988                OSInit
                0x0080f9dc                OSIntEnter
                0x0080fa58                OSIntExit
                0x0080fb58                OSSchedLock
                0x0080fbe4                OSSchedUnlock
                0x0080fcc8                OSStart
                0x0080fd38                OSStatInit
                0x0080fde4                OSTimeTick
                0x00810024                OSVersion
                0x00810044                OS_Dummy
                0x00810060                OS_EventTaskRdy
                0x008101f4                OS_EventTaskWait
                0x00810304                OS_EventTaskWaitMulti
                0x00810458                OS_EventTaskRemove
                0x00810510                OS_EventTaskRemoveMulti
                0x00810614                OS_EventWaitListInit
                0x008109e0                OS_MemClr
                0x00810a34                OS_MemCopy
                0x00810aa0                OS_Sched
                0x00810be4                OS_StrCopy
                0x00810c64                OS_StrLen
                0x00810cbc                OS_TaskIdle
                0x00810d18                OS_TaskStat
                0x00810de0                OS_TaskStatStkChk
                0x00810ea8                OS_TCBInit
 .text          0x00811188      0x18c ../SemaforoNet_bsp/\libucosii_bsp.a(os_dbg.o)
                0x00811188                OSDebugInit
 .text          0x00811314     0x193c ../SemaforoNet_bsp/\libucosii_bsp.a(os_flag.o)
                0x00811314                OSFlagAccept
                0x00811648                OSFlagCreate
                0x00811784                OSFlagDel
                0x00811a2c                OSFlagNameGet
                0x00811b70                OSFlagNameSet
                0x00811cc4                OSFlagPend
                0x00812308                OSFlagPendGetFlagsRdy
                0x00812370                OSFlagPost
                0x00812718                OSFlagQuery
                0x008129b0                OS_FlagInit
                0x00812ba4                OS_FlagUnlink
 .text          0x00812c50      0x808 ../SemaforoNet_bsp/\libucosii_bsp.a(os_mem.o)
                0x00812c50                OSMemCreate
                0x00812e6c                OSMemGet
                0x00812f70                OSMemNameGet
                0x0081307c                OSMemNameSet
                0x0081319c                OSMemPut
                0x0081328c                OSMemQuery
                0x00813388                OS_MemInit
 .text          0x00813458     0x1334 ../SemaforoNet_bsp/\libucosii_bsp.a(os_q.o)
                0x00813458                OSQAccept
                0x008135ac                OSQCreate
                0x008137c0                OSQDel
                0x00813ac0                OSQFlush
                0x00813b88                OSQPend
                0x00813ea8                OSQPendAbort
                0x00814024                OSQPost
                0x008141a4                OSQPostFront
                0x0081432c                OSQPostOpt
                0x00814560                OSQQuery
                0x008146e0                OS_QInit
 .text          0x0081478c      0xbc8 ../SemaforoNet_bsp/\libucosii_bsp.a(os_sem.o)
                0x0081478c                OSSemAccept
                0x0081484c                OSSemCreate
                0x00814960                OSSemDel
                0x00814c00                OSSemPend
                0x00814e7c                OSSemPendAbort
                0x00814ff8                OSSemPost
                0x00815120                OSSemQuery
                0x00815250                OSSemSet
 .text          0x00815354     0x1a40 ../SemaforoNet_bsp/\libucosii_bsp.a(os_task.o)
                0x00815354                OSTaskChangePrio
                0x008158c8                OSTaskCreate
                0x00815a9c                OSTaskCreateExt
                0x00815c9c                OSTaskDel
                0x008160a8                OSTaskDelReq
                0x00816218                OSTaskNameGet
                0x008163d0                OSTaskNameSet
                0x00816594                OSTaskResume
                0x008167ac                OSTaskStkChk
                0x008169a8                OSTaskSuspend
                0x00816bd4                OSTaskQuery
                0x00816d18                OS_TaskStkClr
 .text          0x00816d94      0x670 ../SemaforoNet_bsp/\libucosii_bsp.a(os_time.o)
                0x00816d94                OSTimeDly
                0x00816ee0                OSTimeDlyHMSM
                0x0081712c                OSTimeDlyResume
                0x0081733c                OSTimeGet
                0x008173a0                OSTimeSet
 .text          0x00817404      0x118 ../SemaforoNet_bsp/\libucosii_bsp.a(alt_sys_init.o)
                0x00817404                alt_irq_init
                0x00817438                alt_sys_init
 .text          0x0081751c      0x8c8 ../SemaforoNet_bsp/\libucosii_bsp.a(altera_avalon_cfi_flash.o)
                0x0081751c                alt_flash_cfi_init
                0x008175f0                alt_flash_cfi_write
                0x008178b0                alt_flash_cfi_get_info
                0x00817940                alt_flash_cfi_read
                0x008179a8                alt_write_value_to_flash
                0x00817b0c                alt_flash_program_block
 .text          0x00817de4     0x14a8 ../SemaforoNet_bsp/\libucosii_bsp.a(altera_avalon_cfi_flash_table.o)
                0x00817de4                alt_read_query_entry_8bit
                0x00817e24                alt_read_query_entry_16bit
                0x00817e68                alt_read_query_entry_32bit
                0x00817eb0                alt_write_flash_command_8bit_device_8bit_mode
                0x00817eec                alt_write_flash_command_16bit_device_8bit_mode
                0x00817f68                alt_write_flash_command_32bit_device_8bit_mode
                0x00817fb0                alt_write_flash_command_16bit_device_16bit_mode
                0x00817ff4                alt_write_flash_command_32bit_device_16bit_mode
                0x0081803c                alt_write_flash_command_32bit_device_32bit_mode
                0x00818084                alt_write_native_8bit
                0x008180b8                alt_write_native_16bit
                0x008180ec                alt_write_native_32bit
                0x0081811c                alt_set_flash_width_func
                0x008182fc                alt_set_flash_algorithm_func
                0x00818424                alt_read_cfi_table
                0x00818a04                alt_read_cfi_width
                0x008191b0                alt_check_primary_table
 .text          0x0081928c      0x9e4 ../SemaforoNet_bsp/\libucosii_bsp.a(altera_avalon_epcs_flash_controller.o)
                0x0081928c                alt_epcs_flash_init
                0x008196a8                alt_epcs_flash_write
                0x00819928                alt_epcs_flash_get_info
                0x008199b8                alt_epcs_flash_erase_block
                0x00819abc                alt_epcs_flash_write_block
                0x00819bd8                alt_epcs_flash_read
 .text          0x00819c70      0x148 ../SemaforoNet_bsp/\libucosii_bsp.a(altera_avalon_jtag_uart_fd.o)
                0x00819c70                altera_avalon_jtag_uart_read_fd
                0x00819cc8                altera_avalon_jtag_uart_write_fd
                0x00819d20                altera_avalon_jtag_uart_close_fd
                0x00819d68                altera_avalon_jtag_uart_ioctl_fd
 .text          0x00819db8      0x584 ../SemaforoNet_bsp/\libucosii_bsp.a(altera_avalon_jtag_uart_init.o)
                0x00819db8                altera_avalon_jtag_uart_init
                0x0081a2c8                altera_avalon_jtag_uart_close
 .text          0x0081a33c       0xf4 ../SemaforoNet_bsp/\libucosii_bsp.a(altera_avalon_jtag_uart_ioctl.o)
                0x0081a33c                altera_avalon_jtag_uart_ioctl
 .text          0x0081a430      0x2c0 ../SemaforoNet_bsp/\libucosii_bsp.a(altera_avalon_jtag_uart_read.o)
                0x0081a430                altera_avalon_jtag_uart_read
 .text          0x0081a6f0      0x2dc ../SemaforoNet_bsp/\libucosii_bsp.a(altera_avalon_jtag_uart_write.o)
                0x0081a6f0                altera_avalon_jtag_uart_write
 .text          0x0081a9cc      0xf3c ../SemaforoNet_bsp/\libucosii_bsp.a(altera_avalon_lcd_16207.o)
                0x0081b1a0                altera_avalon_lcd_16207_write
                0x0081b7a4                altera_avalon_lcd_16207_init
 .text          0x0081b908       0x58 ../SemaforoNet_bsp/\libucosii_bsp.a(altera_avalon_lcd_16207_fd.o)
                0x0081b908                altera_avalon_lcd_16207_write_fd
 .text          0x0081b960      0x100 ../SemaforoNet_bsp/\libucosii_bsp.a(altera_avalon_timer_sc.o)
                0x0081b9d0                alt_avalon_timer_sc_init
 .text          0x0081ba60       0xf8 ../SemaforoNet_bsp/\libucosii_bsp.a(altera_avalon_uart_fd.o)
                0x0081ba60                altera_avalon_uart_read_fd
                0x0081bab8                altera_avalon_uart_write_fd
                0x0081bb10                altera_avalon_uart_close_fd
 .text          0x0081bb58      0x57c ../SemaforoNet_bsp/\libucosii_bsp.a(altera_avalon_uart_init.o)
                0x0081bb58                altera_avalon_uart_init
                0x0081c074                altera_avalon_uart_close
 .text          0x0081c0d4      0x310 ../SemaforoNet_bsp/\libucosii_bsp.a(altera_avalon_uart_read.o)
                0x0081c0d4                altera_avalon_uart_read
 .text          0x0081c3e4      0x2a8 ../SemaforoNet_bsp/\libucosii_bsp.a(altera_avalon_uart_write.o)
                0x0081c3e4                altera_avalon_uart_write
 .text          0x0081c68c      0x6d4 ../SemaforoNet_bsp/\libucosii_bsp.a(epcs_commands.o)
                0x0081c68c                epcs_read_status_register
                0x0081c6ec                epcs_sector_erase
                0x0081c854                epcs_read_buffer
                0x0081c9a0                epcs_write_enable
                0x0081c9f0                epcs_write_status_register
                0x0081ca54                epcs_write_buffer
                0x0081cbc4                epcs_read_electronic_signature
                0x0081cc30                epcs_read_device_id
                0x0081ccb0                epcs_enter_4_bytes_mode
                0x0081cd08                epcs_exit_4_bytes_mode
 .text          0x0081cd60       0x54 ../SemaforoNet_bsp/\libucosii_bsp.a(alt_iniche_close.o)
                0x0081cd60                close
 .text          0x0081cdb4      0x144 ../SemaforoNet_bsp/\libucosii_bsp.a(alt_iniche_dev.o)
                0x0081cdb4                iniche_devices_init
 .text          0x0081cef8       0x78 ../SemaforoNet_bsp/\libucosii_bsp.a(alt_iniche_read.o)
                0x0081cef8                read
 .text          0x0081cf70       0x70 ../SemaforoNet_bsp/\libucosii_bsp.a(alt_iniche_write.o)
                0x0081cf70                write
 .text          0x0081cfe0      0xedc ../SemaforoNet_bsp/\libucosii_bsp.a(ipnet.o)
                0x0081cfe0                Netinit
                0x0081d62c                fixup_subnet_mask
                0x0081d78c                netclose
                0x0081d874                pktdemux
                0x0081dc48                c_older
                0x0081dd18                ip2mac
 .text          0x0081debc      0x4b0 ../SemaforoNet_bsp/\libucosii_bsp.a(ipstart.o)
                0x0081debc                ip_startup
                0x0081e1a0                exit_hook
                0x0081e20c                ip_exit
                0x0081e2dc                if_netnumber
 .text          0x0081e36c     0x10e8 ../SemaforoNet_bsp/\libucosii_bsp.a(igmp_cmn.o)
                0x0081e36c                igmp_init
                0x0081e45c                igmp_input
                0x0081e554                igmp_fasttimo
                0x0081e788                igmp_send
                0x0081ea30                igmp_joingroup
                0x0081ec9c                igmp_leavegroup
                0x0081ed18                igmp_validate
                0x0081f074                igmp_print_stats
 .text          0x0081f454      0xbc8 ../SemaforoNet_bsp/\libucosii_bsp.a(bsdsock.o)
                0x0081f454                bsd_accept
                0x0081f58c                bsd_getpeername
                0x0081f6b8                bsd_getsockname
                0x0081f7e4                bsd_i_sockoptlen
                0x0081f99c                bsd_getsockopt
                0x0081fabc                bsd_ioctl
                0x0081fbc0                bsd_inet_ntoa
                0x0081fbf0                bsd_recvfrom
                0x0081fd50                bsd_select
                0x0081ff30                bsd_setsockopt
 .text          0x0082001c      0x118 ../SemaforoNet_bsp/\libucosii_bsp.a(cksum.o)
                0x0082001c                ccksum
                0x008200cc                cksum
 .text          0x00820134      0xa9c ../SemaforoNet_bsp/\libucosii_bsp.a(in_utils.o)
                0x00820134                do_trap
                0x00820160                nextarg
                0x008201dc                hexdump
                0x00820324                print_ipad
                0x00820398                print_uptime
                0x008204c4                panic
                0x00820508                print_eth
                0x0082066c                uslash
                0x008206ec                ns_printf
                0x00820870                std_out
                0x008208b4                con_page
                0x008209a4                parse_args
 .text          0x00820bd0      0x1c8 ../SemaforoNet_bsp/\libucosii_bsp.a(netmain.o)
                0x00820bd0                netmain
                0x00820cc4                tk_netmain
                0x00820d4c                tk_nettick
 .text          0x00820d98      0x810 ../SemaforoNet_bsp/\libucosii_bsp.a(parseip.o)
                0x00820d98                parse_ipad
                0x008210b4                inet_addr
                0x0082111c                hextoa
                0x0082118c                inet_pton
                0x00821238                inet_ntop
                0x008212c4                print46_addr
                0x00821324                inet46_addr
                0x008213e8                inet_setport
                0x0082145c                convert_ip
 .text          0x008215a8      0x5e8 ../SemaforoNet_bsp/\libucosii_bsp.a(tk_crnos.o)
                0x008215a8                TK_OSTimeDly
                0x008215d4                TK_OSTaskResume
                0x00821644                tcp_sleep
                0x008217e4                tcp_wakeup
                0x008218e8                TK_OSTaskQuery
                0x0082195c                tk_yield
                0x00821988                tk_stats
 .text          0x00821b90     0x3294 ../SemaforoNet_bsp/\libucosii_bsp.a(dhcpclnt.o)
                0x00821b90                dhc_get_srv_ipaddr
                0x00821c20                dhc_init
                0x00821cdc                dhc_set_callback
                0x00821d20                dhc_upcall
                0x00822550                dhc_buildheader
                0x0082276c                dhc_discover
                0x00822c84                dhc_rx_offer
                0x00822d88                dhc_request
                0x008238c4                dhc_setip
                0x00823b44                dhc_resetip
                0x00823c28                dhc_decline
                0x00823e0c                dhc_extract_opts
                0x008240c8                dhc_second
                0x008249b8                dhc_halt
                0x00824a40                dhc_reclaim
                0x00824c10                dhc_state_init
                0x00824c70                dhc_alldone
                0x00824d00                dhc_ifacedone
                0x00824d74                dhc_set_state
 .text          0x00824e24       0xcc ../SemaforoNet_bsp/\libucosii_bsp.a(dhcputil.o)
                0x00824e24                find_opt
 .text          0x00824ef0      0x79c ../SemaforoNet_bsp/\libucosii_bsp.a(pktalloc.o)
                0x00824ef0                pk_init
                0x00825180                pk_alloc
                0x0082525c                pk_validate
                0x00825514                pk_free
                0x008255c0                pk_get_max_intrsafe_buf_len
                0x008255e0                dump_buf_estats
 .text          0x0082568c      0x288 ../SemaforoNet_bsp/\libucosii_bsp.a(q.o)
                0x0082568c                getq
                0x00825754                putq
                0x00825804                qdel
 .text          0x00825914      0x31c ../SemaforoNet_bsp/\libucosii_bsp.a(udp_open.o)
                0x00825914                udp_open
                0x00825b4c                udp_close
 .text          0x00825c30      0x194 ../SemaforoNet_bsp/\libucosii_bsp.a(asm_cksum.o)
                0x00825c30                asm_cksum
 .text          0x00825dc4      0x2e4 ../SemaforoNet_bsp/\libucosii_bsp.a(brdutils.o)
                0x00825dc4                dtrap
                0x00825df4                kbhit
                0x00825ea0                getch
                0x00825f00                clock_init
                0x00825f3c                clock_c
                0x00825f58                cticks_hook
                0x00826008                irq_Mask
                0x00826064                irq_Unmask
 .text          0x008260a8      0x488 ../SemaforoNet_bsp/\libucosii_bsp.a(osportco.o)
                0x008260a8                LOCK_NET_RESOURCE
                0x00826168                UNLOCK_NET_RESOURCE
                0x008261f0                TK_NEWTASK
                0x00826404                wait_app_sem
                0x008264b8                post_app_sem
 .text          0x00826530      0x568 ../SemaforoNet_bsp/\libucosii_bsp.a(targnios.o)
                0x00826530                alt_iniche_init
                0x0082674c                pre_task_setup
                0x008267c0                post_task_setup
                0x008267e0                prep_armintcp
                0x00826818                calloc2
                0x0082684c                npalloc
                0x00826940                npfree
                0x008269f8                ncpalloc
                0x00826a4c                ncpfree
 .text          0x00826a98     0x19b8 ../SemaforoNet_bsp/\libucosii_bsp.a(nptcp.o)
                0x00826a98                pffindtype
                0x00826b38                pffindproto
                0x00826c08                m_getnbuf
                0x00826db0                m_free
                0x00826ee4                m_freem
                0x00826f28                m_copy
                0x0082724c                m_adj
                0x0082741c                mbuf_len
                0x00827474                dtom
                0x0082751c                remque
                0x0082758c                insque
                0x00827608                nptcp_init
                0x0082772c                tcp_rcv
                0x00827918                ip_output
                0x00827f10                in_broadcast
                0x00827f50                np_stripoptions
                0x00828038                so_icmpdu
                0x00828390                tcp_tick
 .text          0x00828450      0xa2c ../SemaforoNet_bsp/\libucosii_bsp.a(rawsock.o)
                0x00828450                rawip_lookup
                0x008284c0                rawip_soinput
                0x00828694                rawip_usrreq
 .text          0x00828e7c     0x17fc ../SemaforoNet_bsp/\libucosii_bsp.a(sockcall.o)
                0x00828e7c                DOMAIN_CHECK
                0x00828ec8                t_socket
                0x00828f58                t_bind
                0x008290d4                t_listen
                0x008291b8                t_accept
                0x00829450                t_connect
                0x008296f8                t_getpeername
                0x0082973c                t_getsockname
                0x0082997c                t_setsockopt
                0x00829b58                t_getsockopt
                0x00829cfc                t_recv
                0x00829dec                t_recvfrom
                0x00829f3c                t_sendto
                0x0082a168                t_send
                0x0082a390                t_shutdown
                0x0082a474                t_socketclose
                0x0082a5dc                t_errno
 .text          0x0082a678     0x23ec ../SemaforoNet_bsp/\libucosii_bsp.a(socket.o)
                0x0082a678                socreate
                0x0082a844                sobind
                0x0082a8a0                solisten
                0x0082a990                sofree
                0x0082aac0                soclose
                0x0082ae2c                soabort
                0x0082ae7c                soaccept
                0x0082af18                soconnect
                0x0082afec                sodisconnect
                0x0082b08c                sosend
                0x0082b694                soreceive
                0x0082be78                soshutdown
                0x0082bf20                sorflush
                0x0082c020                sosetopt
                0x0082c4e0                sogetopt
                0x0082ca20                sohasoutofband
 .text          0x0082ca64     0x1318 ../SemaforoNet_bsp/\libucosii_bsp.a(socket2.o)
                0x0082ca64                soisconnecting
                0x0082cad0                soisconnected
                0x0082cbcc                soisdisconnecting
                0x0082cc58                soisdisconnected
                0x0082cd14                sonewconn
                0x0082cf30                soqinsque
                0x0082cfdc                soqremque
                0x0082d0fc                socantsendmore
                0x0082d14c                socantrcvmore
                0x0082d19c                sbselqueue
                0x0082d1d4                sbwait
                0x0082d23c                sbwakeup
                0x0082d2d8                soreserve
                0x0082d358                sbreserve
                0x0082d3b8                sbrelease
                0x0082d400                sbappend
                0x0082d4a8                sbappendrecord
                0x0082d588                sbappendaddr
                0x0082d790                sbcompress
                0x0082d978                sbflush
                0x0082da08                sbdrop
                0x0082dbd8                sbdropend
                0x0082dce8                sbdroprecord
 .text          0x0082dd7c      0x914 ../SemaforoNet_bsp/\libucosii_bsp.a(soselect.o)
                0x0082dd7c                t_select
                0x0082df9c                sock_selscan
                0x0082e0f4                sock_select
                0x0082e308                in_pcbnotify
                0x0082e3d4                tcp_notify
                0x0082e43c                ifd_clr
                0x0082e52c                ifd_set
                0x0082e5a0                ifd_isset
                0x0082e620                ifd_get
 .text          0x0082e690     0x3020 ../SemaforoNet_bsp/\libucosii_bsp.a(tcp_in.o)
                0x0082e690                tcp_reass
                0x0082ea98                tcp_input
                0x00830fec                tcp_dooptions
                0x0083117c                tcp_pulloutofband
                0x008312a8                tcp_xmit_timer
                0x0083154c                ip4_tcpmss
                0x00831594                tcp_mss
 .text          0x008316b0     0x1360 ../SemaforoNet_bsp/\libucosii_bsp.a(tcp_out.o)
                0x008316b0                tcp_output
                0x0083282c                tcp_setpersist
 .text          0x00832a10      0x9e8 ../SemaforoNet_bsp/\libucosii_bsp.a(tcp_subr.o)
                0x00832a10                tcp_init
                0x00832a68                tcp_template
                0x00832b80                tcp_respond
                0x00833008                tcp_newtcpcb
                0x00833120                tcp_drop
                0x008331cc                tcp_close
                0x008332b4                tcp_quench
                0x00833300                tcp_putseq
                0x00833380                tcp_getseq
 .text          0x008333f8      0x798 ../SemaforoNet_bsp/\libucosii_bsp.a(tcp_timr.o)
                0x008333f8                tcp_slowtimo
                0x00833698                tcp_canceltimers
                0x008336f4                tcp_timers
 .text          0x00833b90      0x9ec ../SemaforoNet_bsp/\libucosii_bsp.a(tcp_usr.o)
                0x00833b90                tcp_usrreq
                0x00834294                tcp_attach
                0x008343c8                tcp_disconnect
                0x0083449c                tcp_usrclosed
 .text          0x0083457c       0x4c ../SemaforoNet_bsp/\libucosii_bsp.a(tcpport.o)
                0x0083457c                tcpinit
 .text          0x008345c8      0xd20 ../SemaforoNet_bsp/\libucosii_bsp.a(udpsock.o)
                0x008345c8                udp_lookup
                0x00834638                udp_soinput
                0x008347f0                udp_usrreq
                0x00834a74                udp4_sockbind
                0x00834db0                udp4_socksend
                0x0083518c                udp4_sockaddr
 .text          0x008352e8      0x154 ../SemaforoNet_bsp/\libucosii_bsp.a(alt_alarm_start.o)
                0x008352e8                alt_alarm_start
 .text          0x0083543c      0x14c ../SemaforoNet_bsp/\libucosii_bsp.a(alt_busy_sleep.o)
                0x0083543c                alt_busy_sleep
 .text          0x00835588      0x15c ../SemaforoNet_bsp/\libucosii_bsp.a(alt_close.o)
                0x00835588                alt_close
 .text          0x008356e4       0x78 ../SemaforoNet_bsp/\libucosii_bsp.a(alt_dcache_flush.o)
                0x008356e4                alt_dcache_flush
 .text          0x0083575c       0x2c ../SemaforoNet_bsp/\libucosii_bsp.a(alt_dev.o)
 .text          0x00835788      0x114 ../SemaforoNet_bsp/\libucosii_bsp.a(alt_dev_llist_insert.o)
                0x00835788                alt_dev_llist_insert
 .text          0x0083589c       0x64 ../SemaforoNet_bsp/\libucosii_bsp.a(alt_do_ctors.o)
                0x0083589c                _do_ctors
 .text          0x00835900       0x64 ../SemaforoNet_bsp/\libucosii_bsp.a(alt_do_dtors.o)
                0x00835900                _do_dtors
 .text          0x00835964        0x0 ../SemaforoNet_bsp/\libucosii_bsp.a(alt_errno.o)
 .text          0x00835964       0x94 ../SemaforoNet_bsp/\libucosii_bsp.a(alt_find_dev.o)
                0x00835964                alt_find_dev
 .text          0x008359f8      0x1d4 ../SemaforoNet_bsp/\libucosii_bsp.a(alt_iic.o)
                0x008359f8                alt_ic_isr_register
                0x00835a48                alt_ic_irq_enable
                0x00835ae4                alt_ic_irq_disable
                0x00835b84                alt_ic_irq_enabled
 .text          0x00835bcc       0xf8 ../SemaforoNet_bsp/\libucosii_bsp.a(alt_iic_isr_register.o)
                0x00835bcc                alt_iic_isr_register
 .text          0x00835cc4      0x13c ../SemaforoNet_bsp/\libucosii_bsp.a(alt_io_redirect.o)
                0x00835d88                alt_io_redirect
 .text          0x00835e00        0x0 ../SemaforoNet_bsp/\libucosii_bsp.a(alt_irq_entry.o)
 .text          0x00835e00        0x0 ../SemaforoNet_bsp/\libucosii_bsp.a(alt_irq_handler.o)
 .text          0x00835e00      0x2c4 ../SemaforoNet_bsp/\libucosii_bsp.a(alt_open.o)
                0x00835edc                open
 .text          0x008360c4      0x180 ../SemaforoNet_bsp/\libucosii_bsp.a(alt_read.o)
                0x008360c4                alt_read
 .text          0x00836244       0x60 ../SemaforoNet_bsp/\libucosii_bsp.a(alt_release_fd.o)
                0x00836244                alt_release_fd
 .text          0x008362a4       0x38 ../SemaforoNet_bsp/\libucosii_bsp.a(alt_remap_cached.o)
                0x008362a4                alt_remap_cached
 .text          0x008362dc       0x40 ../SemaforoNet_bsp/\libucosii_bsp.a(alt_remap_uncached.o)
                0x008362dc                alt_remap_uncached
 .text          0x0083631c      0x1a8 ../SemaforoNet_bsp/\libucosii_bsp.a(alt_tick.o)
                0x0083631c                alt_alarm_stop
                0x008363b4                alt_tick
 .text          0x008364c4      0x180 ../SemaforoNet_bsp/\libucosii_bsp.a(alt_write.o)
                0x008364c4                alt_write
 .text          0x00836644       0x20 ../SemaforoNet_bsp/\libucosii_bsp.a(altera_nios2_qsys_irq.o)
                0x00836644                altera_nios2_qsys_irq_init
 .text          0x00836664       0xd0 ../SemaforoNet_bsp/\libucosii_bsp.a(os_cpu_a.o)
                0x00836664                OSCtxSw
                0x00836664                OSIntCtxSw
                0x008366f0                OSStartHighRdy
                0x00836710                OSStartTsk
 .text          0x00836734      0x424 ../SemaforoNet_bsp/\libucosii_bsp.a(os_cpu_c.o)
                0x00836734                OSTaskStkInit
                0x00836a44                OSTaskCreateHook
                0x00836a64                OSTaskDelHook
                0x00836a84                OSTaskSwHook
                0x00836aa0                OSTaskStatHook
                0x00836abc                OSTimeTickHook
                0x00836ae4                OSInitHookBegin
                0x00836b00                OSInitHookEnd
                0x00836b1c                OSTaskIdleHook
                0x00836b38                OSTCBInitHook
 .text          0x00836b58      0x460 ../SemaforoNet_bsp/\libucosii_bsp.a(altera_avalon_cfi_flash_amd.o)
                0x00836b58                alt_program_amd
                0x00836bc0                alt_erase_block_amd
 .text          0x00836fb8      0x460 ../SemaforoNet_bsp/\libucosii_bsp.a(altera_avalon_cfi_flash_intel.o)
                0x00836fb8                alt_program_intel
                0x0083703c                alt_erase_block_intel
 .text          0x00837418      0x238 ../SemaforoNet_bsp/\libucosii_bsp.a(altera_avalon_spi.o)
                0x00837418                alt_avalon_spi_command
 .text          0x00837650      0x444 ../SemaforoNet_bsp/\libucosii_bsp.a(allports.o)
                0x00837650                netmain_init
                0x0083774c                icmp_port_du
                0x008377d4                station_state
                0x00837938                sysuptime
                0x008379cc                packet_check
                0x00837a18                mcastlist
                0x00837a3c                prep_modules
 .text          0x00837a94      0x580 ../SemaforoNet_bsp/\libucosii_bsp.a(timeouts.o)
                0x00837a94                inet_timer
                0x00837d94                in_timerset
                0x00837f6c                in_timerkill
 .text          0x00838014       0xa4 ../SemaforoNet_bsp/\libucosii_bsp.a(tk_misc.o)
                0x00838014                create_apptasks
                0x00838038                task_stats
 .text          0x008380b8       0xb0 ../SemaforoNet_bsp/\libucosii_bsp.a(alt_iniche_fcntl.o)
                0x008380b8                fcntl
 .text          0x00838168     0x15b0 ../SemaforoNet_bsp/\libucosii_bsp.a(et_arp.o)
                0x00838168                etainit
                0x008381bc                et_send
                0x00838338                arp_free_pending
                0x008383c0                arp_send_pending
                0x00838434                send_arp
                0x008388cc                find_oldest_arp
                0x00838ac8                make_arp_entry
                0x00838bdc                arpReply
                0x00838e70                arprcv
                0x008390d0                send_via_arp
                0x008392a0                cb_arpent_tmo
                0x0083944c                grat_arp
 .text          0x00839718      0x298 ../SemaforoNet_bsp/\libucosii_bsp.a(iface.o)
                0x00839718                if_getbynum
                0x0083979c                isbcast
                0x0083987c                reg_type
                0x00839918                if_killsocks
 .text          0x008399b0     0x22a4 ../SemaforoNet_bsp/\libucosii_bsp.a(ip.o)
                0x008399b0                ip_init
                0x00839aac                ip_bldhead
                0x00839c50                ip_write_internal
                0x0083a3d0                ip_write
                0x0083a618                ip_write2
                0x0083a9c8                ip_raw_write
                0x0083aaa0                ip_fragment_lc
                0x0083af28                ip_fragment
                0x0083b54c                ip_mymach
                0x0083b5f8                ip_dump
                0x0083b8b0                iproute
                0x0083bb1c                ip_copypkt
 .text          0x0083bc54     0x1e08 ../SemaforoNet_bsp/\libucosii_bsp.a(ip_reasm.o)
                0x0083bc54                ip_reasm_match_frag_with_ire
                0x0083bd24                ip_reasm_determine_type_of_frag
                0x0083be10                ip_reasm_check_mem_useage
                0x0083bea8                ip_reasm_incr_mem_useage
                0x0083bf50                ip_reasm_decr_mem_useage
                0x0083bff0                ip_reasm_process_first_fragment
                0x0083c2d0                ip_reassm
                0x0083c370                ip_reasm_compute_overlap
                0x0083c900                ip_reasm_process_subsequent_fragments
                0x0083ce94                ip_reasm_find_ire
                0x0083cef8                ip_reasm_copy_queued_fragments_into_reassy_buffer
                0x0083d254                ip_reasm_process_timer_tick
                0x0083d374                ip_reasm_delete_ire
                0x0083d53c                ip_reasm_mark_compact_rfq
                0x0083d684                ipr_stats
                0x0083da08                ip_reasm_send_icmp_timex
 .text          0x0083da5c      0xe3c ../SemaforoNet_bsp/\libucosii_bsp.a(ipdemux.o)
                0x0083da5c                ip_rcv
                0x0083de5c                ip_rcv_phase2
                0x0083e468                ip_demux
 .text          0x0083e898      0x2f0 ../SemaforoNet_bsp/\libucosii_bsp.a(ipmc.o)
                0x0083e898                in_addmulti
                0x0083ea00                in_delmulti
                0x0083eb18                lookup_mcast
 .text          0x0083eb88       0xe4 ../SemaforoNet_bsp/\libucosii_bsp.a(ipport.o)
                0x0083eb88                prep_ifaces
                0x0083ec1c                netexit
                0x0083ec44                evtmap_setup
 .text          0x0083ec6c      0x550 ../SemaforoNet_bsp/\libucosii_bsp.a(ipraw.o)
                0x0083ec6c                ip_raw_open
                0x0083ed5c                ip_raw_close
                0x0083ee1c                ip_raw_input
                0x0083f054                ip_raw_alloc
                0x0083f120                ip_raw_free
                0x0083f160                ip_raw_maxalloc
 .text          0x0083f1bc      0x6f0 ../SemaforoNet_bsp/\libucosii_bsp.a(iproute.o)
                0x0083f1bc                rt_lookup
                0x0083f340                add_route
                0x0083f768                del_route
 .text          0x0083f8ac      0xe3c ../SemaforoNet_bsp/\libucosii_bsp.a(udp.o)
                0x0083f8ac                udpdemux
                0x00840104                udp_send
                0x008403bc                udpswap
                0x008404ec                udp_socket
                0x008405bc                udp_alloc
                0x0084067c                udp_maxalloc
                0x008406a8                udp_free
 .text          0x008406e8      0x2e8 ../SemaforoNet_bsp/\libucosii_bsp.a(igmp.o)
                0x008406e8                igmpv1_input
 .text          0x008409d0      0x7c0 ../SemaforoNet_bsp/\libucosii_bsp.a(igmp2.o)
                0x008409d0                igmpv2_input
                0x00840b30                igmpv2_process_report
                0x00840c7c                igmpv2_process_query
                0x00840ec8                igmpv2_chk_set_timer
                0x00841020                igmpv2_chk4_rtr_alert_opt
 .text          0x00841190      0x8fc ../SemaforoNet_bsp/\libucosii_bsp.a(ipopt.o)
                0x00841190                IPADDR_TO_NETP
                0x008412d8                ip_setmoptions
                0x008418c8                ip_getmoptions
                0x00841a08                ip_freemoptions
 .text          0x00841a8c      0x6e8 ../SemaforoNet_bsp/\libucosii_bsp.a(u_mctest.o)
                0x00841a8c                u_mctest_init
                0x00841abc                u_mctest_run
 .text          0x00842174      0x3d0 ../SemaforoNet_bsp/\libucosii_bsp.a(dhcsetup.o)
                0x00842174                dhc_setup
                0x00842440                dhc_main_ipset
 .text          0x00842544      0x40c ../SemaforoNet_bsp/\libucosii_bsp.a(memdev.o)
                0x00842544                init_memdev
                0x008425bc                md_fopen
                0x008425e4                md_fclose
                0x00842604                md_fread
                0x00842784                md_fwrite
                0x00842804                md_fseek
                0x00842830                md_ftell
                0x00842854                md_fgetc
                0x0084292c                md_unlink
 .text          0x00842950      0x1cc ../SemaforoNet_bsp/\libucosii_bsp.a(tcpcksum.o)
                0x00842950                tcp_cksum
 .text          0x00842b1c      0x900 ../SemaforoNet_bsp/\libucosii_bsp.a(in_pcb.o)
                0x00842b1c                in_pcballoc
                0x00842bb0                in_pcbdetach
                0x00842c04                in_pcbbind
                0x00842e58                in_pcbconnect
                0x00843068                in_pcbdisconnect
                0x008430c8                in_setsockaddr
                0x00843144                in_setpeeraddr
                0x008431c0                in_pcblookup
 .text          0x0084341c     0x1a74 ../SemaforoNet_bsp/\libucosii_bsp.a(vfsfiles.o)
                0x0084341c                set_vfopen_error
                0x00843444                get_vfopen_error
                0x00843464                vf_alloc_and_link_vop
                0x008434e0                vf_alloc_buffer
                0x008435b8                vf_free_buffer
                0x00843608                vfopen_locked
                0x00843970                vfopen
                0x008439c0                vfclose_locked
                0x00843b68                vfclose
                0x00843ba8                vfflush
                0x00843bf0                vfgets
                0x00843cd4                vfeof
                0x00843d2c                vunlink_flag_open_files
                0x00843d88                vunlink
                0x00843fa8                vfread
                0x00844154                vfwrite_locked
                0x0084453c                vfwrite
                0x0084459c                vfseek
                0x00844718                vftell
                0x0084484c                vgetc_locked
                0x0084496c                vgetc
                0x008449b4                vfslookup_locked
                0x00844aec                vfslookup
                0x00844b34                strippath
                0x00844d1c                isvfile_locked
                0x00844d80                isvfile
                0x00844dc8                vferror
                0x00844e34                vclearerr
 .text          0x00844e90       0x24 ../SemaforoNet_bsp/\libucosii_bsp.a(vfsport.o)
                0x00844e90                prep_vfs
 .text          0x00844eb4        0x0 ../SemaforoNet_bsp/\libucosii_bsp.a(alt_exception_entry.o)
 .text          0x00844eb4      0x1b4 ../SemaforoNet_bsp/\libucosii_bsp.a(alt_fcntl.o)
                0x00844eb4                alt_fcntl
 .text          0x00845068      0x120 ../SemaforoNet_bsp/\libucosii_bsp.a(alt_find_file.o)
                0x00845068                alt_find_file
 .text          0x00845188       0xf4 ../SemaforoNet_bsp/\libucosii_bsp.a(alt_get_fd.o)
                0x00845188                alt_get_fd
 .text          0x0084527c     0x130c ../SemaforoNet_bsp/\libucosii_bsp.a(icmp.o)
                0x0084527c                icmprcv
                0x00845eb0                icmp_destun
                0x00846200                icmp_timex
                0x00846534                icmp_du
 .text          0x00846588       0x14 c:/altera/13.0sp1/nios2eds/bin/gnu/h-i686-mingw32/bin/../lib/gcc/nios2-elf/4.1.2/../../../../nios2-elf/lib\libc.a(lib_a-atexit.o)
                0x00846588                atexit
 .text          0x0084659c       0x18 c:/altera/13.0sp1/nios2eds/bin/gnu/h-i686-mingw32/bin/../lib/gcc/nios2-elf/4.1.2/../../../../nios2-elf/lib\libc.a(lib_a-atoi.o)
                0x0084659c                _atoi_r
                0x008465a8                atoi
 .text          0x008465b4       0x1c c:/altera/13.0sp1/nios2eds/bin/gnu/h-i686-mingw32/bin/../lib/gcc/nios2-elf/4.1.2/../../../../nios2-elf/lib\libc.a(lib_a-calloc.o)
                0x008465b4                calloc
 .text          0x008465d0       0x74 c:/altera/13.0sp1/nios2eds/bin/gnu/h-i686-mingw32/bin/../lib/gcc/nios2-elf/4.1.2/../../../../nios2-elf/lib\libc.a(lib_a-memcmp.o)
                0x008465d0                memcmp
 .text          0x00846644       0x8c c:/altera/13.0sp1/nios2eds/bin/gnu/h-i686-mingw32/bin/../lib/gcc/nios2-elf/4.1.2/../../../../nios2-elf/lib\libc.a(lib_a-strcpy.o)
                0x00846644                strcpy
 .text          0x008466d0       0xf0 c:/altera/13.0sp1/nios2eds/bin/gnu/h-i686-mingw32/bin/../lib/gcc/nios2-elf/4.1.2/../../../../nios2-elf/lib\libc.a(lib_a-strncmp.o)
                0x008466d0                strncmp
 .text          0x008467c0       0x34 c:/altera/13.0sp1/nios2eds/bin/gnu/h-i686-mingw32/bin/../lib/gcc/nios2-elf/4.1.2/../../../../nios2-elf/lib\libc.a(lib_a-vprintf.o)
                0x008467c0                _vprintf_r
                0x008467d4                vprintf
 .text          0x008467f4       0x74 c:/altera/13.0sp1/nios2eds/bin/gnu/h-i686-mingw32/bin/../lib/gcc/nios2-elf/4.1.2/../../../../nios2-elf/lib\libc.a(lib_a-vsprintf.o)
                0x008467f4                _vsprintf_r
                0x00846844                vsprintf
 .text          0x00846868      0x134 c:/altera/13.0sp1/nios2eds/bin/gnu/h-i686-mingw32/bin/../lib/gcc/nios2-elf/4.1.2/../../../../nios2-elf/lib\libc.a(lib_a-__atexit.o)
                0x00846868                __register_exitproc
 *(.gnu.warning.*)
 *(.fini)
                0x0084699c                PROVIDE (__etext, ABSOLUTE (.))
                0x0084699c                PROVIDE (_etext, ABSOLUTE (.))
                0x0084699c                PROVIDE (etext, ABSOLUTE (.))
 *(.eh_frame_hdr)
                0x0084699c                . = ALIGN (0x4)
                0x0084699c                PROVIDE (__preinit_array_start, ABSOLUTE (.))
 *(.preinit_array)
                0x0084699c                PROVIDE (__preinit_array_end, ABSOLUTE (.))
                0x0084699c                PROVIDE (__init_array_start, ABSOLUTE (.))
 *(.init_array)
                0x0084699c                PROVIDE (__init_array_end, ABSOLUTE (.))
                0x0084699c                PROVIDE (__fini_array_start, ABSOLUTE (.))
 *(.fini_array)
                0x0084699c                PROVIDE (__fini_array_end, ABSOLUTE (.))
 *(.eh_frame)
 *(.gcc_except_table)
 *(.dynamic)
                0x0084699c                PROVIDE (__CTOR_LIST__, ABSOLUTE (.))
 *(.ctors)
 *(SORT(.ctors.*))
 .ctors.65535   0x0084699c        0x4 c:/altera/13.0sp1/nios2eds/bin/gnu/h-i686-mingw32/bin/../lib/gcc/nios2-elf/4.1.2/../../../../nios2-elf/lib\libc.a(lib_a-__call_atexit.o)
                0x008469a0                PROVIDE (__CTOR_END__, ABSOLUTE (.))
                0x008469a0                PROVIDE (__DTOR_LIST__, ABSOLUTE (.))
 *(.dtors)
 *(SORT(.dtors.*))
                0x008469a0                PROVIDE (__DTOR_END__, ABSOLUTE (.))
 *(.jcr)
                0x008469a0                . = ALIGN (0x4)

.rodata         0x008469a0     0x40b4
                0x008469a0                PROVIDE (__ram_rodata_start, ABSOLUTE (.))
                0x008469a0                . = ALIGN (0x4)
 *(.rodata .rodata.* .gnu.linkonce.r.*)
 .rodata        0x008469a0      0xba4 obj/default/alt_error_handler.o
 .rodata        0x00847544       0x64 obj/default/dm9000a.o
 .rodata        0x008475a8       0xac obj/default/main.o
 .rodata        0x00847654      0x234 obj/default/network_utilities.o
 .rodata        0x00847888      0x2d4 obj/default/simple_socket_server.o
 .rodata        0x00847b5c       0x14 c:/altera/13.0sp1/nios2eds/bin/gnu/h-i686-mingw32/bin/../lib/gcc/nios2-elf/4.1.2\libgcc.a(_thenan_df.o)
                0x00847b5c                __thenan_df
 .rodata        0x00847b70      0x100 c:/altera/13.0sp1/nios2eds/bin/gnu/h-i686-mingw32/bin/../lib/gcc/nios2-elf/4.1.2\libgcc.a(_clz.o)
                0x00847b70                __clz_tab
 .rodata        0x00847c70      0x281 c:/altera/13.0sp1/nios2eds/bin/gnu/h-i686-mingw32/bin/../lib/gcc/nios2-elf/4.1.2/../../../../nios2-elf/lib\libc.a(lib_a-ctype_.o)
                0x00847c70                _ctype_
 *fill*         0x00847ef1        0x3 00
 .rodata.str1.4
                0x00847ef4        0x2 c:/altera/13.0sp1/nios2eds/bin/gnu/h-i686-mingw32/bin/../lib/gcc/nios2-elf/4.1.2/../../../../nios2-elf/lib\libc.a(lib_a-impure.o)
                                  0x4 (size before relaxing)
 *fill*         0x00847ef6        0x2 00
 .rodata.str1.4
                0x00847ef8        0x3 c:/altera/13.0sp1/nios2eds/bin/gnu/h-i686-mingw32/bin/../lib/gcc/nios2-elf/4.1.2/../../../../nios2-elf/lib\libc.a(lib_a-perror.o)
                                  0x4 (size before relaxing)
 *fill*         0x00847efb        0x1 00
 .rodata.str1.4
                0x00847efc        0x2 c:/altera/13.0sp1/nios2eds/bin/gnu/h-i686-mingw32/bin/../lib/gcc/nios2-elf/4.1.2/../../../../nios2-elf/lib\libc.a(lib_a-puts.o)
                                  0x4 (size before relaxing)
 *fill*         0x00847efe        0x2 00
 .rodata.str1.4
                0x00847f00      0x7a2 c:/altera/13.0sp1/nios2eds/bin/gnu/h-i686-mingw32/bin/../lib/gcc/nios2-elf/4.1.2/../../../../nios2-elf/lib\libc.a(lib_a-strerror.o)
                                0x7a8 (size before relaxing)
 *fill*         0x008486a2        0x2 00
 .rodata.str1.4
                0x008486a4       0x5e c:/altera/13.0sp1/nios2eds/bin/gnu/h-i686-mingw32/bin/../lib/gcc/nios2-elf/4.1.2/../../../../nios2-elf/lib\libc.a(lib_a-vfprintf.o)
                                 0x60 (size before relaxing)
 .rodata        0x00848702       0x20 c:/altera/13.0sp1/nios2eds/bin/gnu/h-i686-mingw32/bin/../lib/gcc/nios2-elf/4.1.2/../../../../nios2-elf/lib\libc.a(lib_a-vfprintf.o)
 *fill*         0x00848722        0x2 00
 .rodata.str1.4
                0x00848724       0x10 c:/altera/13.0sp1/nios2eds/bin/gnu/h-i686-mingw32/bin/../lib/gcc/nios2-elf/4.1.2/../../../../nios2-elf/lib\libc.a(lib_a-dtoa.o)
                                 0x14 (size before relaxing)
 .rodata.str1.4
                0x00848734       0x10 c:/altera/13.0sp1/nios2eds/bin/gnu/h-i686-mingw32/bin/../lib/gcc/nios2-elf/4.1.2/../../../../nios2-elf/lib\libc.a(lib_a-locale.o)
                                 0x18 (size before relaxing)
 .rodata        0x00848744       0x30 c:/altera/13.0sp1/nios2eds/bin/gnu/h-i686-mingw32/bin/../lib/gcc/nios2-elf/4.1.2/../../../../nios2-elf/lib\libc.a(lib_a-locale.o)
 .rodata        0x00848774      0x124 c:/altera/13.0sp1/nios2eds/bin/gnu/h-i686-mingw32/bin/../lib/gcc/nios2-elf/4.1.2/../../../../nios2-elf/lib\libc.a(lib_a-mprec.o)
                0x00848774                __mprec_tens
                0x0084883c                __mprec_bigtens
                0x00848864                __mprec_tinytens
 .rodata        0x00848898       0x14 ../SemaforoNet_bsp/\libucosii_bsp.a(alt_main.o)
 .rodata        0x008488ac      0x120 ../SemaforoNet_bsp/\libucosii_bsp.a(os_core.o)
                0x008488ac                OSUnMapTbl
 .rodata        0x008489cc       0x60 ../SemaforoNet_bsp/\libucosii_bsp.a(alt_sys_init.o)
 .rodata        0x00848a2c       0xd8 ../SemaforoNet_bsp/\libucosii_bsp.a(ipnet.o)
 .rodata        0x00848b04       0xec ../SemaforoNet_bsp/\libucosii_bsp.a(ipstart.o)
 .rodata        0x00848bf0      0x54c ../SemaforoNet_bsp/\libucosii_bsp.a(igmp_cmn.o)
 .rodata        0x0084913c       0xb8 ../SemaforoNet_bsp/\libucosii_bsp.a(in_utils.o)
 .rodata        0x008491f4       0x34 ../SemaforoNet_bsp/\libucosii_bsp.a(netmain.o)
 .rodata        0x00849228       0x94 ../SemaforoNet_bsp/\libucosii_bsp.a(parseip.o)
 .rodata        0x008492bc      0x1a8 ../SemaforoNet_bsp/\libucosii_bsp.a(tk_crnos.o)
 .rodata        0x00849464        0x8 ../SemaforoNet_bsp/\libucosii_bsp.a(dhcpclnt.o)
 .rodata        0x0084946c      0x118 ../SemaforoNet_bsp/\libucosii_bsp.a(pktalloc.o)
 .rodata        0x00849584       0x84 ../SemaforoNet_bsp/\libucosii_bsp.a(udp_open.o)
 .rodata        0x00849608       0x2c ../SemaforoNet_bsp/\libucosii_bsp.a(brdutils.o)
 .rodata        0x00849634      0x26c ../SemaforoNet_bsp/\libucosii_bsp.a(osportco.o)
 .rodata        0x008498a0       0xa0 ../SemaforoNet_bsp/\libucosii_bsp.a(targnios.o)
 .rodata        0x00849940       0x90 ../SemaforoNet_bsp/\libucosii_bsp.a(nptcp.o)
 .rodata        0x008499d0        0x8 ../SemaforoNet_bsp/\libucosii_bsp.a(sockcall.o)
 .rodata        0x008499d8       0x50 ../SemaforoNet_bsp/\libucosii_bsp.a(socket.o)
 .rodata        0x00849a28       0x40 ../SemaforoNet_bsp/\libucosii_bsp.a(socket2.o)
 .rodata        0x00849a68       0x20 ../SemaforoNet_bsp/\libucosii_bsp.a(tcp_in.o)
 .rodata        0x00849a88       0x40 ../SemaforoNet_bsp/\libucosii_bsp.a(tcp_out.o)
 .rodata        0x00849ac8       0x24 ../SemaforoNet_bsp/\libucosii_bsp.a(tcp_subr.o)
 .rodata        0x00849aec       0x2c ../SemaforoNet_bsp/\libucosii_bsp.a(tcp_usr.o)
 .rodata        0x00849b18        0xc ../SemaforoNet_bsp/\libucosii_bsp.a(alt_dev.o)
 .rodata        0x00849b24        0x4 ../SemaforoNet_bsp/\libucosii_bsp.a(os_cpu_c.o)
 .rodata        0x00849b28      0x1d4 ../SemaforoNet_bsp/\libucosii_bsp.a(allports.o)
 .rodata        0x00849cfc       0x34 ../SemaforoNet_bsp/\libucosii_bsp.a(tk_misc.o)
 .rodata        0x00849d30       0x44 ../SemaforoNet_bsp/\libucosii_bsp.a(et_arp.o)
 .rodata        0x00849d74      0x1dc ../SemaforoNet_bsp/\libucosii_bsp.a(ip.o)
 .rodata        0x00849f50      0x158 ../SemaforoNet_bsp/\libucosii_bsp.a(ip_reasm.o)
 .rodata        0x0084a0a8      0x120 ../SemaforoNet_bsp/\libucosii_bsp.a(ipdemux.o)
 .rodata        0x0084a1c8       0x34 ../SemaforoNet_bsp/\libucosii_bsp.a(ipport.o)
 .rodata        0x0084a1fc       0x24 ../SemaforoNet_bsp/\libucosii_bsp.a(ipraw.o)
 .rodata        0x0084a220       0x38 ../SemaforoNet_bsp/\libucosii_bsp.a(iproute.o)
 .rodata        0x0084a258       0xe8 ../SemaforoNet_bsp/\libucosii_bsp.a(udp.o)
 .rodata        0x0084a340      0x2d0 ../SemaforoNet_bsp/\libucosii_bsp.a(u_mctest.o)
 .rodata        0x0084a610       0xf8 ../SemaforoNet_bsp/\libucosii_bsp.a(dhcsetup.o)
 .rodata        0x0084a708       0x34 ../SemaforoNet_bsp/\libucosii_bsp.a(vfsfiles.o)
 .rodata        0x0084a73c      0x318 ../SemaforoNet_bsp/\libucosii_bsp.a(icmp.o)
 *(.rodata1)
                0x0084aa54                . = ALIGN (0x4)
                0x0084aa54                PROVIDE (__ram_rodata_end, ABSOLUTE (.))
                0x008469a0                PROVIDE (__flash_rodata_start, LOADADDR (.rodata))

.rwdata         0x0084aa54     0x2124
                0x0084aa54                PROVIDE (__ram_rwdata_start, ABSOLUTE (.))
                0x0084aa54                . = ALIGN (0x4)
 *(.got.plt)
 *(.got)
 *(.data1)
 *(.data .data.* .gnu.linkonce.d.*)
 .data          0x0084aa54        0x0 ../SemaforoNet_bsp//obj/HAL/src/crt0.o
 .data          0x0084aa54        0x0 obj/default/alt_error_handler.o
 .data          0x0084aa54        0x0 obj/default/dm9000a.o
 .data          0x0084aa54        0x0 obj/default/led.o
 .data          0x0084aa54        0x0 obj/default/main.o
 .data          0x0084aa54        0x0 obj/default/network_utilities.o
 .data          0x0084aa54        0x0 obj/default/simple_socket_server.o
 .data          0x0084aa54        0x0 obj/default/tse_my_system.o
 .data          0x0084aa54        0x0 c:/altera/13.0sp1/nios2eds/bin/gnu/h-i686-mingw32/bin/../lib/gcc/nios2-elf/4.1.2\libgcc.a(_fixunsdfsi.o)
 .data          0x0084aa54        0x0 c:/altera/13.0sp1/nios2eds/bin/gnu/h-i686-mingw32/bin/../lib/gcc/nios2-elf/4.1.2\libgcc.a(_addsub_df.o)
 .data          0x0084aa54        0x0 c:/altera/13.0sp1/nios2eds/bin/gnu/h-i686-mingw32/bin/../lib/gcc/nios2-elf/4.1.2\libgcc.a(_mul_df.o)
 .data          0x0084aa54        0x0 c:/altera/13.0sp1/nios2eds/bin/gnu/h-i686-mingw32/bin/../lib/gcc/nios2-elf/4.1.2\libgcc.a(_ge_df.o)
 .data          0x0084aa54        0x0 c:/altera/13.0sp1/nios2eds/bin/gnu/h-i686-mingw32/bin/../lib/gcc/nios2-elf/4.1.2\libgcc.a(_df_to_si.o)
 .data          0x0084aa54        0x0 c:/altera/13.0sp1/nios2eds/bin/gnu/h-i686-mingw32/bin/../lib/gcc/nios2-elf/4.1.2\libgcc.a(_thenan_df.o)
 .data          0x0084aa54        0x0 c:/altera/13.0sp1/nios2eds/bin/gnu/h-i686-mingw32/bin/../lib/gcc/nios2-elf/4.1.2\libgcc.a(_usi_to_df.o)
 .data          0x0084aa54        0x0 c:/altera/13.0sp1/nios2eds/bin/gnu/h-i686-mingw32/bin/../lib/gcc/nios2-elf/4.1.2\libgcc.a(_muldi3.o)
 .data          0x0084aa54        0x0 c:/altera/13.0sp1/nios2eds/bin/gnu/h-i686-mingw32/bin/../lib/gcc/nios2-elf/4.1.2\libgcc.a(_clzsi2.o)
 .data          0x0084aa54        0x0 c:/altera/13.0sp1/nios2eds/bin/gnu/h-i686-mingw32/bin/../lib/gcc/nios2-elf/4.1.2\libgcc.a(_pack_df.o)
 .data          0x0084aa54        0x0 c:/altera/13.0sp1/nios2eds/bin/gnu/h-i686-mingw32/bin/../lib/gcc/nios2-elf/4.1.2\libgcc.a(_unpack_df.o)
 .data          0x0084aa54        0x0 c:/altera/13.0sp1/nios2eds/bin/gnu/h-i686-mingw32/bin/../lib/gcc/nios2-elf/4.1.2\libgcc.a(_fpcmp_parts_df.o)
 .data          0x0084aa54        0x0 c:/altera/13.0sp1/nios2eds/bin/gnu/h-i686-mingw32/bin/../lib/gcc/nios2-elf/4.1.2\libgcc.a(_clz.o)
 .data          0x0084aa54        0x0 c:/altera/13.0sp1/nios2eds/bin/gnu/h-i686-mingw32/bin/../lib/gcc/nios2-elf/4.1.2/../../../../nios2-elf/lib\libc.a(lib_a-ctype_.o)
 .data          0x0084aa54        0x0 c:/altera/13.0sp1/nios2eds/bin/gnu/h-i686-mingw32/bin/../lib/gcc/nios2-elf/4.1.2/../../../../nios2-elf/lib\libc.a(lib_a-exit.o)
 .data          0x0084aa54        0x0 c:/altera/13.0sp1/nios2eds/bin/gnu/h-i686-mingw32/bin/../lib/gcc/nios2-elf/4.1.2/../../../../nios2-elf/lib\libc.a(lib_a-fprintf.o)
 .data          0x0084aa54        0x0 c:/altera/13.0sp1/nios2eds/bin/gnu/h-i686-mingw32/bin/../lib/gcc/nios2-elf/4.1.2/../../../../nios2-elf/lib\libc.a(lib_a-fwrite.o)
 .data          0x0084aa54        0x0 c:/altera/13.0sp1/nios2eds/bin/gnu/h-i686-mingw32/bin/../lib/gcc/nios2-elf/4.1.2/../../../../nios2-elf/lib\libc.a(lib_a-getc.o)
 .data          0x0084aa54      0x400 c:/altera/13.0sp1/nios2eds/bin/gnu/h-i686-mingw32/bin/../lib/gcc/nios2-elf/4.1.2/../../../../nios2-elf/lib\libc.a(lib_a-impure.o)
 .data          0x0084ae54        0x0 c:/altera/13.0sp1/nios2eds/bin/gnu/h-i686-mingw32/bin/../lib/gcc/nios2-elf/4.1.2/../../../../nios2-elf/lib\libc.a(lib_a-malloc.o)
 .data          0x0084ae54      0x408 c:/altera/13.0sp1/nios2eds/bin/gnu/h-i686-mingw32/bin/../lib/gcc/nios2-elf/4.1.2/../../../../nios2-elf/lib\libc.a(lib_a-mallocr.o)
                0x0084ae54                __malloc_av_
 .data          0x0084b25c        0x0 c:/altera/13.0sp1/nios2eds/bin/gnu/h-i686-mingw32/bin/../lib/gcc/nios2-elf/4.1.2/../../../../nios2-elf/lib\libc.a(lib_a-memcpy.o)
 .data          0x0084b25c        0x0 c:/altera/13.0sp1/nios2eds/bin/gnu/h-i686-mingw32/bin/../lib/gcc/nios2-elf/4.1.2/../../../../nios2-elf/lib\libc.a(lib_a-memmove.o)
 .data          0x0084b25c        0x0 c:/altera/13.0sp1/nios2eds/bin/gnu/h-i686-mingw32/bin/../lib/gcc/nios2-elf/4.1.2/../../../../nios2-elf/lib\libc.a(lib_a-memset.o)
 .data          0x0084b25c        0x0 c:/altera/13.0sp1/nios2eds/bin/gnu/h-i686-mingw32/bin/../lib/gcc/nios2-elf/4.1.2/../../../../nios2-elf/lib\libc.a(lib_a-perror.o)
 .data          0x0084b25c        0x0 c:/altera/13.0sp1/nios2eds/bin/gnu/h-i686-mingw32/bin/../lib/gcc/nios2-elf/4.1.2/../../../../nios2-elf/lib\libc.a(lib_a-printf.o)
 .data          0x0084b25c        0x0 c:/altera/13.0sp1/nios2eds/bin/gnu/h-i686-mingw32/bin/../lib/gcc/nios2-elf/4.1.2/../../../../nios2-elf/lib\libc.a(lib_a-putc.o)
 .data          0x0084b25c        0x0 c:/altera/13.0sp1/nios2eds/bin/gnu/h-i686-mingw32/bin/../lib/gcc/nios2-elf/4.1.2/../../../../nios2-elf/lib\libc.a(lib_a-putchar.o)
 .data          0x0084b25c        0x0 c:/altera/13.0sp1/nios2eds/bin/gnu/h-i686-mingw32/bin/../lib/gcc/nios2-elf/4.1.2/../../../../nios2-elf/lib\libc.a(lib_a-puts.o)
 .data          0x0084b25c        0x0 c:/altera/13.0sp1/nios2eds/bin/gnu/h-i686-mingw32/bin/../lib/gcc/nios2-elf/4.1.2/../../../../nios2-elf/lib\libc.a(lib_a-rget.o)
 .data          0x0084b25c        0x0 c:/altera/13.0sp1/nios2eds/bin/gnu/h-i686-mingw32/bin/../lib/gcc/nios2-elf/4.1.2/../../../../nios2-elf/lib\libc.a(lib_a-sbrkr.o)
 .data          0x0084b25c        0x0 c:/altera/13.0sp1/nios2eds/bin/gnu/h-i686-mingw32/bin/../lib/gcc/nios2-elf/4.1.2/../../../../nios2-elf/lib\libc.a(lib_a-sprintf.o)
 .data          0x0084b25c        0x0 c:/altera/13.0sp1/nios2eds/bin/gnu/h-i686-mingw32/bin/../lib/gcc/nios2-elf/4.1.2/../../../../nios2-elf/lib\libc.a(lib_a-strchr.o)
 .data          0x0084b25c        0x0 c:/altera/13.0sp1/nios2eds/bin/gnu/h-i686-mingw32/bin/../lib/gcc/nios2-elf/4.1.2/../../../../nios2-elf/lib\libc.a(lib_a-strcmp.o)
 .data          0x0084b25c        0x0 c:/altera/13.0sp1/nios2eds/bin/gnu/h-i686-mingw32/bin/../lib/gcc/nios2-elf/4.1.2/../../../../nios2-elf/lib\libc.a(lib_a-strerror.o)
 .data          0x0084b25c        0x0 c:/altera/13.0sp1/nios2eds/bin/gnu/h-i686-mingw32/bin/../lib/gcc/nios2-elf/4.1.2/../../../../nios2-elf/lib\libc.a(lib_a-strlen.o)
 .data          0x0084b25c        0x0 c:/altera/13.0sp1/nios2eds/bin/gnu/h-i686-mingw32/bin/../lib/gcc/nios2-elf/4.1.2/../../../../nios2-elf/lib\libc.a(lib_a-strncpy.o)
 .data          0x0084b25c        0x0 c:/altera/13.0sp1/nios2eds/bin/gnu/h-i686-mingw32/bin/../lib/gcc/nios2-elf/4.1.2/../../../../nios2-elf/lib\libc.a(lib_a-strtol.o)
 .data          0x0084b25c        0x0 c:/altera/13.0sp1/nios2eds/bin/gnu/h-i686-mingw32/bin/../lib/gcc/nios2-elf/4.1.2/../../../../nios2-elf/lib\libc.a(lib_a-u_strerr.o)
 .data          0x0084b25c        0x0 c:/altera/13.0sp1/nios2eds/bin/gnu/h-i686-mingw32/bin/../lib/gcc/nios2-elf/4.1.2/../../../../nios2-elf/lib\libc.a(lib_a-vfprintf.o)
 .data          0x0084b25c        0x0 c:/altera/13.0sp1/nios2eds/bin/gnu/h-i686-mingw32/bin/../lib/gcc/nios2-elf/4.1.2/../../../../nios2-elf/lib\libc.a(lib_a-wbuf.o)
 .data          0x0084b25c        0x0 c:/altera/13.0sp1/nios2eds/bin/gnu/h-i686-mingw32/bin/../lib/gcc/nios2-elf/4.1.2/../../../../nios2-elf/lib\libc.a(lib_a-wsetup.o)
 .data          0x0084b25c        0x0 c:/altera/13.0sp1/nios2eds/bin/gnu/h-i686-mingw32/bin/../lib/gcc/nios2-elf/4.1.2/../../../../nios2-elf/lib\libc.a(lib_a-__call_atexit.o)
 .data          0x0084b25c        0x0 c:/altera/13.0sp1/nios2eds/bin/gnu/h-i686-mingw32/bin/../lib/gcc/nios2-elf/4.1.2/../../../../nios2-elf/lib\libc.a(lib_a-dtoa.o)
 .data          0x0084b25c        0x0 c:/altera/13.0sp1/nios2eds/bin/gnu/h-i686-mingw32/bin/../lib/gcc/nios2-elf/4.1.2/../../../../nios2-elf/lib\libc.a(lib_a-fflush.o)
 .data          0x0084b25c        0x0 c:/altera/13.0sp1/nios2eds/bin/gnu/h-i686-mingw32/bin/../lib/gcc/nios2-elf/4.1.2/../../../../nios2-elf/lib\libc.a(lib_a-findfp.o)
 .data          0x0084b25c        0x0 c:/altera/13.0sp1/nios2eds/bin/gnu/h-i686-mingw32/bin/../lib/gcc/nios2-elf/4.1.2/../../../../nios2-elf/lib\libc.a(lib_a-fputc.o)
 .data          0x0084b25c        0x0 c:/altera/13.0sp1/nios2eds/bin/gnu/h-i686-mingw32/bin/../lib/gcc/nios2-elf/4.1.2/../../../../nios2-elf/lib\libc.a(lib_a-fputs.o)
 .data          0x0084b25c        0x0 c:/altera/13.0sp1/nios2eds/bin/gnu/h-i686-mingw32/bin/../lib/gcc/nios2-elf/4.1.2/../../../../nios2-elf/lib\libc.a(lib_a-freer.o)
 .data          0x0084b25c        0x0 c:/altera/13.0sp1/nios2eds/bin/gnu/h-i686-mingw32/bin/../lib/gcc/nios2-elf/4.1.2/../../../../nios2-elf/lib\libc.a(lib_a-fvwrite.o)
 .data          0x0084b25c        0x0 c:/altera/13.0sp1/nios2eds/bin/gnu/h-i686-mingw32/bin/../lib/gcc/nios2-elf/4.1.2/../../../../nios2-elf/lib\libc.a(lib_a-fwalk.o)
 .data          0x0084b25c        0x0 c:/altera/13.0sp1/nios2eds/bin/gnu/h-i686-mingw32/bin/../lib/gcc/nios2-elf/4.1.2/../../../../nios2-elf/lib\libc.a(lib_a-int_errno.o)
 .data          0x0084b25c        0xc c:/altera/13.0sp1/nios2eds/bin/gnu/h-i686-mingw32/bin/../lib/gcc/nios2-elf/4.1.2/../../../../nios2-elf/lib\libc.a(lib_a-locale.o)
                0x0084b25c                __lc_ctype
 .data          0x0084b268        0x0 c:/altera/13.0sp1/nios2eds/bin/gnu/h-i686-mingw32/bin/../lib/gcc/nios2-elf/4.1.2/../../../../nios2-elf/lib\libc.a(lib_a-makebuf.o)
 .data          0x0084b268        0x0 c:/altera/13.0sp1/nios2eds/bin/gnu/h-i686-mingw32/bin/../lib/gcc/nios2-elf/4.1.2/../../../../nios2-elf/lib\libc.a(lib_a-memchr.o)
 .data          0x0084b268        0x0 c:/altera/13.0sp1/nios2eds/bin/gnu/h-i686-mingw32/bin/../lib/gcc/nios2-elf/4.1.2/../../../../nios2-elf/lib\libc.a(lib_a-mprec.o)
 .data          0x0084b268        0x0 c:/altera/13.0sp1/nios2eds/bin/gnu/h-i686-mingw32/bin/../lib/gcc/nios2-elf/4.1.2/../../../../nios2-elf/lib\libc.a(lib_a-reallocr.o)
 .data          0x0084b268        0x0 c:/altera/13.0sp1/nios2eds/bin/gnu/h-i686-mingw32/bin/../lib/gcc/nios2-elf/4.1.2/../../../../nios2-elf/lib\libc.a(lib_a-refill.o)
 .data          0x0084b268        0x0 c:/altera/13.0sp1/nios2eds/bin/gnu/h-i686-mingw32/bin/../lib/gcc/nios2-elf/4.1.2/../../../../nios2-elf/lib\libc.a(lib_a-s_isinfd.o)
 .data          0x0084b268        0x0 c:/altera/13.0sp1/nios2eds/bin/gnu/h-i686-mingw32/bin/../lib/gcc/nios2-elf/4.1.2/../../../../nios2-elf/lib\libc.a(lib_a-s_isnand.o)
 .data          0x0084b268        0x0 c:/altera/13.0sp1/nios2eds/bin/gnu/h-i686-mingw32/bin/../lib/gcc/nios2-elf/4.1.2/../../../../nios2-elf/lib\libc.a(lib_a-stdio.o)
 .data          0x0084b268        0x0 c:/altera/13.0sp1/nios2eds/bin/gnu/h-i686-mingw32/bin/../lib/gcc/nios2-elf/4.1.2/../../../../nios2-elf/lib\libc.a(lib_a-writer.o)
 .data          0x0084b268        0x0 c:/altera/13.0sp1/nios2eds/bin/gnu/h-i686-mingw32/bin/../lib/gcc/nios2-elf/4.1.2/../../../../nios2-elf/lib\libc.a(lib_a-callocr.o)
 .data          0x0084b268        0x0 c:/altera/13.0sp1/nios2eds/bin/gnu/h-i686-mingw32/bin/../lib/gcc/nios2-elf/4.1.2/../../../../nios2-elf/lib\libc.a(lib_a-closer.o)
 .data          0x0084b268        0x0 c:/altera/13.0sp1/nios2eds/bin/gnu/h-i686-mingw32/bin/../lib/gcc/nios2-elf/4.1.2/../../../../nios2-elf/lib\libc.a(lib_a-fclose.o)